Component: ARM Compiler 5.05 update 1 (build 106) Tool: armlink [4d0efa]

==============================================================================

Section Cross References

    main.o(i.UART_DATA_PROCESS) refers to _printf_percent.o(.ARM.Collect$$_printf_percent$$00000000) for _printf_percent
    main.o(i.UART_DATA_PROCESS) refers to _printf_d.o(.ARM.Collect$$_printf_percent$$00000009) for _printf_d
    main.o(i.UART_DATA_PROCESS) refers to _printf_dec.o(.text) for _printf_int_dec
    main.o(i.UART_DATA_PROCESS) refers to _printf_pad.o(.text) for _printf_pre_padding
    main.o(i.UART_DATA_PROCESS) refers to _printf_x.o(.ARM.Collect$$_printf_percent$$0000000C) for _printf_x
    main.o(i.UART_DATA_PROCESS) refers to _printf_hex_int.o(.text) for _printf_longlong_hex
    main.o(i.UART_DATA_PROCESS) refers to noretval__2printf.o(.text) for __2printf
    main.o(i.UART_DATA_PROCESS) refers to bd_1.o(i.BD_read) for BD_read
    main.o(i.UART_DATA_PROCESS) refers to server.o(i.packet_send) for packet_send
    main.o(i.UART_DATA_PROCESS) refers to uart.o(.data) for UART4_RX_STA
    main.o(i.UART_DATA_PROCESS) refers to uart.o(.bss) for UART4_RX_BUF
    main.o(i.UART_DATA_PROCESS) refers to main.o(.bss) for recieve_data
    main.o(i.main) refers to uart.o(i.UART_INIT) for UART_INIT
    main.o(i.main) refers to usart.o(i.usart_init) for usart_init
    main.o(i.main) refers to uart5.o(i.UART5_Init) for UART5_Init
    main.o(i.main) refers to noretval__2printf.o(.text) for __2printf
    main.o(i.main) refers to delay.o(i.delay_init) for delay_init
    main.o(i.main) refers to spi.o(i.SPI1_Init) for SPI1_Init
    main.o(i.main) refers to packet.o(i.packet_init) for packet_init
    main.o(i.main) refers to timer.o(i.timer_set) for timer_set
    main.o(i.main) refers to tapdev.o(i.tapdev_init) for tapdev_init
    main.o(i.main) refers to uip.o(i.uip_init) for uip_init
    main.o(i.main) refers to misc.o(i.NVIC_PriorityGroupConfig) for NVIC_PriorityGroupConfig
    main.o(i.main) refers to server.o(i.server_init) for server_init
    main.o(i.main) refers to tapdev.o(i.tapdev_read) for tapdev_read
    main.o(i.main) refers to uip.o(i.htons) for htons
    main.o(i.main) refers to uip.o(i.uip_process) for uip_process
    main.o(i.main) refers to uip_arp.o(i.uip_arp_out) for uip_arp_out
    main.o(i.main) refers to tapdev.o(i.tapdev_send) for tapdev_send
    main.o(i.main) refers to uip_arp.o(i.uip_arp_arpin) for uip_arp_arpin
    main.o(i.main) refers to timer.o(i.timer_expired) for timer_expired
    main.o(i.main) refers to timer.o(i.timer_reset) for timer_reset
    main.o(i.main) refers to uip_arp.o(i.uip_arp_timer) for uip_arp_timer
    main.o(i.main) refers to main.o(i.uart5_DATA_PROCESS) for uart5_DATA_PROCESS
    main.o(i.main) refers to main.o(i.UART_DATA_PROCESS) for UART_DATA_PROCESS
    main.o(i.main) refers to bd_1.o(i.BD_TXSQ_SEND) for BD_TXSQ_SEND
    main.o(i.main) refers to main.o(.data) for online_flag
    main.o(i.main) refers to bd_1.o(.data) for BD_process_STA
    main.o(i.main) refers to uip.o(.data) for uip_hostaddr
    main.o(i.main) refers to uip.o(.bss) for uip_buf
    main.o(i.main) refers to bd_1.o(.bss) for BD_BUF_1
    main.o(i.uart5_DATA_PROCESS) refers to _printf_pad.o(.text) for _printf_pre_padding
    main.o(i.uart5_DATA_PROCESS) refers to _printf_percent.o(.ARM.Collect$$_printf_percent$$00000000) for _printf_percent
    main.o(i.uart5_DATA_PROCESS) refers to _printf_x.o(.ARM.Collect$$_printf_percent$$0000000C) for _printf_x
    main.o(i.uart5_DATA_PROCESS) refers to _printf_hex_int.o(.text) for _printf_longlong_hex
    main.o(i.uart5_DATA_PROCESS) refers to noretval__2printf.o(.text) for __2printf
    main.o(i.uart5_DATA_PROCESS) refers to server.o(i.packet_send) for packet_send
    main.o(i.uart5_DATA_PROCESS) refers to uart5.o(.data) for UART5_RX_STA
    main.o(i.uart5_DATA_PROCESS) refers to uart5.o(.bss) for UART5_RX_BUF
    main.o(i.uart5_DATA_PROCESS) refers to main.o(.data) for gprs_state
    clock-arch.o(i.clock_time) refers to stm32f10x_it.o(.data) for current_clock
    tapdev.o(i.tapdev_init) refers to enc28j60.o(i.enc28j60Init) for enc28j60Init
    tapdev.o(i.tapdev_init) refers to tapdev.o(.data) for my_mac
    tapdev.o(i.tapdev_init) refers to uip.o(.data) for uip_ethaddr
    tapdev.o(i.tapdev_read) refers to enc28j60.o(i.enc28j60PacketReceive) for enc28j60PacketReceive
    tapdev.o(i.tapdev_read) refers to uip.o(.bss) for uip_buf
    tapdev.o(i.tapdev_send) refers to enc28j60.o(i.enc28j60PacketSend) for enc28j60PacketSend
    tapdev.o(i.tapdev_send) refers to uip.o(.bss) for uip_buf
    tapdev.o(i.tapdev_send) refers to uip.o(.data) for uip_len
    enc28j60.o(i.enc28j60Init) refers to stm32f10x_gpio.o(i.GPIO_SetBits) for GPIO_SetBits
    enc28j60.o(i.enc28j60Init) refers to enc28j60.o(i.enc28j60WriteOp) for enc28j60WriteOp
    enc28j60.o(i.enc28j60Init) refers to enc28j60.o(i.enc28j60Read) for enc28j60Read
[...]
    unix\usart.c                             0x00000000   Number         0  usart.o ABSOLUTE
    RESET                                    0x08000000   Section      304  startup_stm32f10x_hd.o(RESET)
    !!!main                                  0x08000130   Section        8  __main.o(!!!main)
    !!!scatter                               0x08000138   Section       52  __scatter.o(!!!scatter)
    !!dczerorl2                              0x0800016c   Section       90  __dczerorl2.o(!!dczerorl2)
    !!handler_zi                             0x080001c8   Section       28  __scatter_zi.o(!!handler_zi)
    .ARM.Collect$$_printf_percent$$00000000  0x080001e4   Section        0  _printf_percent.o(.ARM.Collect$$_printf_percent$$00000000)
    .ARM.Collect$$_printf_percent$$00000009  0x080001e4   Section        6  _printf_d.o(.ARM.Collect$$_printf_percent$$00000009)
    .ARM.Collect$$_printf_percent$$0000000C  0x080001ea   Section        6  _printf_x.o(.ARM.Collect$$_printf_percent$$0000000C)
    .ARM.Collect$$_printf_percent$$00000017  0x080001f0   Section        4  _printf_percent_end.o(.ARM.Collect$$_printf_percent$$00000017)
    .ARM.Collect$$libinit$$00000000          0x080001f4   Section        2  libinit.o(.ARM.Collect$$libinit$$00000000)
    .ARM.Collect$$libinit$$00000002          0x080001f6   Section        0  libinit2.o(.ARM.Collect$$libinit$$00000002)
    .ARM.Collect$$libinit$$00000004          0x080001f6   Section        0  libinit2.o(.ARM.Collect$$libinit$$00000004)
    .ARM.Collect$$libinit$$0000000A          0x080001f6   Section        0  libinit2.o(.ARM.Collect$$libinit$$0000000A)
    .ARM.Collect$$libinit$$0000000C          0x080001f6   Section        0  libinit2.o(.ARM.Collect$$libinit$$0000000C)
    .ARM.Collect$$libinit$$0000000E          0x080001f6   Section        0  libinit2.o(.ARM.Collect$$libinit$$0000000E)
    .ARM.Collect$$libinit$$00000011          0x080001f6   Section        0  libinit2.o(.ARM.Collect$$libinit$$00000011)
    .ARM.Collect$$libinit$$00000013          0x080001f6   Section        0  libinit2.o(.ARM.Collect$$libinit$$00000013)
    .ARM.Collect$$libinit$$00000015          0x080001f6   Section        0  libinit2.o(.ARM.Collect$$libinit$$00000015)
    .ARM.Collect$$libinit$$00000017          0x080001f6   Section        0  libinit2.o(.ARM.Collect$$libinit$$00000017)
    .ARM.Collect$$libinit$$00000019          0x080001f6   Section        0  libinit2.o(.ARM.Collect$$libinit$$00000019)
    .ARM.Collect$$libinit$$0000001B          0x080001f6   Section        0  libinit2.o(.ARM.Collect$$libinit$$0000001B)
    .ARM.Collect$$libinit$$0000001D          0x080001f6   Section        0  libinit2.o(.ARM.Collect$$libinit$$0000001D)
    .ARM.Collect$$libinit$$0000001F          0x080001f6   Section        0  libinit2.o(.ARM.Collect$$libinit$$0000001F)
    .ARM.Collect$$libinit$$00000021          0x080001f6   Section        0  libinit2.o(.ARM.Collect$$libinit$$00000021)
    .ARM.Collect$$libinit$$00000023          0x080001f6   Section        0  libinit2.o(.ARM.Collect$$libinit$$00000023)
    .ARM.Collect$$libinit$$00000025          0x080001f6   Section        0  libinit2.o(.ARM.Collect$$libinit$$00000025)
    .ARM.Collect$$libinit$$0000002C          0x080001f6   Section        0  libinit2.o(.ARM.Collect$$libinit$$0000002C)
    .ARM.Collect$$libinit$$0000002E          0x080001f6   Section        0  libinit2.o(.ARM.Collect$$libinit$$0000002E)
    .ARM.Collect$$libinit$$00000030          0x080001f6   Section        0  libinit2.o(.ARM.Collect$$libinit$$00000030)
    .ARM.Collect$$libinit$$00000032          0x080001f6   Section        0  libinit2.o(.ARM.Collect$$libinit$$00000032)
    .ARM.Collect$$libinit$$00000033          0x080001f6   Section        2  libinit2.o(.ARM.Collect$$libinit$$00000033)
    .ARM.Collect$$libshutdown$$00000000      0x080001f8   Section        2  libshutdown.o(.ARM.Collect$$libshutdown$$00000000)
    .ARM.Collect$$libshutdown$$00000003      0x080001fa   Section        0  libshutdown2.o(.ARM.Collect$$libshutdown$$00000003)
    .ARM.Collect$$libshutdown$$00000006      0x080001fa   Section        0  libshutdown2.o(.ARM.Collect$$libshutdown$$00000006)
    .ARM.Collect$$libshutdown$$00000009      0x080001fa   Section        0  libshutdown2.o(.ARM.Collect$$libshutdown$$00000009)
    .ARM.Collect$$libshutdown$$0000000B      0x080001fa   Section        0  libshutdown2.o(.ARM.Collect$$libshutdown$$0000000B)
    .ARM.Collect$$libshutdown$$0000000E      0x080001fa   Section        0  libshutdown2.o(.ARM.Collect$$libshutdown$$0000000E)
    .ARM.Collect$$libshutdown$$0000000F      0x080001fa   Section        2  libshutdown2.o(.ARM.Collect$$libshutdown$$0000000F)
    .ARM.Collect$$rtentry$$00000000          0x080001fc   Section        0  __rtentry.o(.ARM.Collect$$rtentry$$00000000)
    .ARM.Collect$$rtentry$$00000002          0x080001fc   Section        0  __rtentry2.o(.ARM.Collect$$rtentry$$00000002)
    .ARM.Collect$$rtentry$$00000004          0x080001fc   Section        6  __rtentry4.o(.ARM.Collect$$rtentry$$00000004)
    .ARM.Collect$$rtentry$$00000009          0x08000202   Section        0  __rtentry2.o(.ARM.Collect$$rtentry$$00000009)
    .ARM.Collect$$rtentry$$0000000A          0x08000202   Section        4  __rtentry2.o(.ARM.Collect$$rtentry$$0000000A)
    .ARM.Collect$$rtentry$$0000000C          0x08000206   Section        0  __rtentry2.o(.ARM.Collect$$rtentry$$0000000C)
    .ARM.Collect$$rtentry$$0000000D          0x08000206   Section        8  __rtentry2.o(.ARM.Collect$$rtentry$$0000000D)
    .ARM.Collect$$rtexit$$00000000           0x0800020e   Section        2  rtexit.o(.ARM.Collect$$rtexit$$00000000)
    .ARM.Collect$$rtexit$$00000002           0x08000210   Section        0  rtexit2.o(.ARM.Collect$$rtexit$$00000002)
    .ARM.Collect$$rtexit$$00000003           0x08000210   Section        4  rtexit2.o(.ARM.Collect$$rtexit$$00000003)
    .ARM.Collect$$rtexit$$00000004           0x08000214   Section        6  rtexit2.o(.ARM.Collect$$rtexit$$00000004)
    .text                                    0x0800021c   Section       64  startup_stm32f10x_hd.o(.text)
    .text                                    0x0800025c   Section        2  use_no_semi_2.o(.text)
    .text                                    0x08000260   Section        0  noretval__2printf.o(.text)
    .text                                    0x08000278   Section        0  _printf_pad.o(.text)
    .text                                    0x080002c8   Section        0  _printf_dec.o(.text)
    .text                                    0x08000340   Section        0  _printf_hex_int.o(.text)
    .text                                    0x08000398   Section        0  __printf_flags_wp.o(.text)
    .text                                    0x080004d0   Section      138  rt_memcpy_v6.o(.text)
    .text                                    0x0800055a   Section       16  aeabi_memset.o(.text)
    .text                                    0x0800056a   Section        0  heapauxi.o(.text)
    .text                                    0x08000570   Section        2  use_no_semi.o(.text)
    .text                                    0x08000572   Section        0  _printf_intcommon.o(.text)
    .text                                    0x08000624   Section        0  _printf_char_file.o(.text)
    .text                                    0x08000648   Section      100  rt_memcpy_w.o(.text)
    .text                                    0x080006ac   Section       68  rt_memclr.o(.text)
    .text                                    0x080006f0   Section        0  _printf_char_common.o(.text)
    _printf_input_char                       0x080006f1   Thumb Code    10  _printf_char_common.o(.text)
    .text                                    0x08000720   Section        0  ferror.o(.text)
    .text                                    0x08000728   Section       78  rt_memclr_w.o(.text)
    .text                                    0x08000776   Section       74  sys_stackheap_outer.o(.text)
    .text                                    0x080007c0   Section        0  exit.o(.text)
    .text                                    0x080007cc   Section        8  libspace.o(.text)
    i.BD_TXSQ_SEND                           0x080007d4   Section        0  bd_1.o(i.BD_TXSQ_SEND)
    i.BD_read                                0x08000950   Section        0  bd_1.o(i.BD_read)
    i.BD_retransmission                      0x08000b30   Section        0  bd_1.o(i.BD_retransmission)
    i.BusFault_Handler                       0x08000dc0   Section        0  stm32f10x_it.o(i.BusFault_Handler)
    i.DATA_PROCESS                           0x08000dc4   Section        0  server.o(i.DATA_PROCESS)
    i.DebugMon_Handler                       0x08000e94   Section        0  stm32f10x_it.o(i.DebugMon_Handler)
    i.GPIO_Init                              0x08000e96   Section        0  stm32f10x_gpio.o(i.GPIO_Init)
    i.GPIO_ReadOutputDataBit                 0x08000fac   Section        0  stm32f10x_gpio.o(i.GPIO_ReadOutputDataBit)
    i.GPIO_ResetBits                         0x08000fbe   Section        0  stm32f10x_gpio.o(i.GPIO_ResetBits)
    i.GPIO_SetBits                           0x08000fc2   Section        0  stm32f10x_gpio.o(i.GPIO_SetBits)
    i.HardFault_Handler                      0x08000fc6   Section        0  stm32f10x_it.o(i.HardFault_Handler)
    i.MemManage_Handler                      0x08000fca   Section        0  stm32f10x_it.o(i.MemManage_Handler)
    i.NMI_Handler                            0x08000fce   Section        0  stm32f10x_it.o(i.NMI_Handler)
    i.NVIC_Init                              0x08000fd0   Section        0  misc.o(i.NVIC_Init)
    i.NVIC_PriorityGroupConfig               0x08001040   Section        0  misc.o(i.NVIC_PriorityGroupConfig)
    i.PendSV_Handler                         0x08001054   Section        0  stm32f10x_it.o(i.PendSV_Handler)
    i.RCC_APB1PeriphClockCmd                 0x08001058   Section        0  stm32f10x_rcc.o(i.RCC_APB1PeriphClockCmd)
    i.RCC_APB1PeriphResetCmd                 0x08001078   Section        0  stm32f10x_rcc.o(i.RCC_APB1PeriphResetCmd)
    i.RCC_APB2PeriphClockCmd                 0x08001098   Section        0  stm32f10x_rcc.o(i.RCC_APB2PeriphClockCmd)
    i.RCC_APB2PeriphResetCmd                 0x080010b8   Section        0  stm32f10x_rcc.o(i.RCC_APB2PeriphResetCmd)
    i.RCC_GetClocksFreq                      0x080010d8   Section        0  stm32f10x_rcc.o(i.RCC_GetClocksFreq)
    i.SPI1_Init                              0x080011ac   Section        0  spi.o(i.SPI1_Init)
    i.SPI1_ReadWrite                         0x0800125c   Section        0  spi.o(i.SPI1_ReadWrite)
    i.SPI_Cmd                                0x08001294   Section        0  stm32f10x_spi.o(i.SPI_Cmd)
    i.SPI_I2S_GetFlagStatus                  0x080012ac   Section        0  stm32f10x_spi.o(i.SPI_I2S_GetFlagStatus)
    i.SPI_I2S_ReceiveData                    0x080012be   Section        0  stm32f10x_spi.o(i.SPI_I2S_ReceiveData)
    i.SPI_I2S_SendData                       0x080012c4   Section        0  stm32f10x_spi.o(i.SPI_I2S_SendData)
    i.SPI_Init                               0x080012c8   Section        0  stm32f10x_spi.o(i.SPI_Init)
    i.SVC_Handler                            0x08001304   Section        0  stm32f10x_it.o(i.SVC_Handler)
    i.SetSysClock                            0x08001306   Section        0  system_stm32f10x.o(i.SetSysClock)
    SetSysClock                              0x08001307   Thumb Code     8  system_stm32f10x.o(i.SetSysClock)
    i.SetSysClockTo72                        0x08001310   Section        0  system_stm32f10x.o(i.SetSysClockTo72)
    SetSysClockTo72                          0x08001311   Thumb Code   214  system_stm32f10x.o(i.SetSysClockTo72)
    i.SysTick_Handler                        0x080013f0   Section        0  stm32f10x_it.o(i.SysTick_Handler)
    i.SystemInit                             0x08001400   Section        0  system_stm32f10x.o(i.SystemInit)
    i.TIM2_IRQHandler                        0x08001460   Section        0  stm32f10x_it.o(i.TIM2_IRQHandler)
    i.TIM4_IRQHandler                        0x08001490   Section        0  uart5.o(i.TIM4_IRQHandler)
    i.TIM4_Init                              0x080014c0   Section        0  uart5.o(i.TIM4_Init)
    i.TIM4_Set                               0x08001518   Section        0  uart5.o(i.TIM4_Set)
    i.TIM_ARRPreloadConfig                   0x08001540   Section        0  stm32f10x_tim.o(i.TIM_ARRPreloadConfig)
    i.TIM_ClearFlag                          0x08001558   Section        0  stm32f10x_tim.o(i.TIM_ClearFlag)
    i.TIM_ClearITPendingBit                  0x0800155e   Section        0  stm32f10x_tim.o(i.TIM_ClearITPendingBit)
    i.TIM_Cmd                                0x08001564   Section        0  stm32f10x_tim.o(i.TIM_Cmd)
    i.TIM_GetITStatus                        0x0800157c   Section        0  stm32f10x_tim.o(i.TIM_GetITStatus)
    i.TIM_ITConfig                           0x0800159e   Section        0  stm32f10x_tim.o(i.TIM_ITConfig)
    i.TIM_SetCounter                         0x080015b0   Section        0  stm32f10x_tim.o(i.TIM_SetCounter)
    i.TIM_TimeBaseInit                       0x080015b4   Section        0  stm32f10x_tim.o(i.TIM_TimeBaseInit)
    i.TIM_UpdateRequestConfig                0x08001658   Section        0  stm32f10x_tim.o(i.TIM_UpdateRequestConfig)
    i.UART4_IRQHandler                       0x08001670   Section        0  uart.o(i.UART4_IRQHandler)
    i.UART5_IRQHandler                       0x0800170c   Section        0  uart5.o(i.UART5_IRQHandler)
    i.UART5_Init                             0x080017c4   Section        0  uart5.o(i.UART5_Init)
    i.UART5_WRITE                            0x0800188c   Section        0  uart5.o(i.UART5_WRITE)
    i.UART_DATA_PROCESS                      0x080018cc   Section        0  main.o(i.UART_DATA_PROCESS)
    i.UART_INIT                              0x0800198c   Section        0  uart.o(i.UART_INIT)
    i.UART_WRITE                             0x08001a68   Section        0  uart.o(i.UART_WRITE)
    i.USART1_IRQHandler                      0x08001aa8   Section        0  usart.o(i.USART1_IRQHandler)
    i.USART_ClearFlag                        0x08001b30   Section        0  stm32f10x_usart.o(i.USART_ClearFlag)
    i.USART_ClearITPendingBit                0x08001b42   Section        0  stm32f10x_usart.o(i.USART_ClearITPendingBit)
    i.USART_ClockInit                        0x08001b60   Section        0  stm32f10x_usart.o(i.USART_ClockInit)
    i.USART_Cmd                              0x08001b82   Section        0  stm32f10x_usart.o(i.USART_Cmd)
    i.USART_DeInit                           0x08001b9c   Section        0  stm32f10x_usart.o(i.USART_DeInit)
    i.USART_GetITStatus                      0x08001c38   Section        0  stm32f10x_usart.o(i.USART_GetITStatus)
    i.USART_ITConfig                         0x08001c8c   Section        0  stm32f10x_usart.o(i.USART_ITConfig)
    i.USART_Init                             0x08001cd8   Section        0  stm32f10x_usart.o(i.USART_Init)
    i.USART_ReceiveData                      0x08001db0   Section        0  stm32f10x_usart.o(i.USART_ReceiveData)
    i.USART_SendData                         0x08001dba   Section        0  stm32f10x_usart.o(i.USART_SendData)
    i.UsageFault_Handler                     0x08001dc2   Section        0  stm32f10x_it.o(i.UsageFault_Handler)
    i._is_digit                              0x08001dc6   Section        0  __printf_wp.o(i._is_digit)
    i._sys_exit                              0x08001dd4   Section        0  usart.o(i._sys_exit)
    i.chksum                                 0x08001dda   Section        0  uip.o(i.chksum)
    chksum                                   0x08001ddb   Thumb Code    70  uip.o(i.chksum)
    i.clock_time                             0x08001e20   Section        0  clock-arch.o(i.clock_time)
    i.delay_init                             0x08001e2c   Section        0  delay.o(i.delay_init)
    i.enc28j60Init                           0x08001ea4   Section        0  enc28j60.o(i.enc28j60Init)
    i.enc28j60PacketReceive                  0x08001ffc   Section        0  enc28j60.o(i.enc28j60PacketReceive)
    i.enc28j60PacketSend                     0x080020bc   Section        0  enc28j60.o(i.enc28j60PacketSend)
    i.enc28j60PhyWrite                       0x08002122   Section        0  enc28j60.o(i.enc28j60PhyWrite)
    i.enc28j60Read                           0x08002154   Section        0  enc28j60.o(i.enc28j60Read)
    i.enc28j60ReadBuffer                     0x08002168   Section        0  enc28j60.o(i.enc28j60ReadBuffer)
    i.enc28j60ReadOp                         0x080021a0   Section        0  enc28j60.o(i.enc28j60ReadOp)
    i.enc28j60SetBank                        0x080021e4   Section        0  enc28j60.o(i.enc28j60SetBank)
    i.enc28j60Write                          0x08002218   Section        0  enc28j60.o(i.enc28j60Write)
    i.enc28j60WriteBuffer                    0x08002230   Section        0  enc28j60.o(i.enc28j60WriteBuffer)
    i.enc28j60WriteOp                        0x08002264   Section        0  enc28j60.o(i.enc28j60WriteOp)
    i.file_deal                              0x080022a0   Section        0  bd_1.o(i.file_deal)
    i.fputc                                  0x08002544   Section        0  usart.o(i.fputc)
    i.htons                                  0x08002560   Section        0  uip.o(i.htons)
    i.main                                   0x0800256c   Section        0  main.o(i.main)
    i.packet_init                            0x08002ac8   Section        0  packet.o(i.packet_init)
    i.packet_send                            0x08002ad4   Section        0  server.o(i.packet_send)
    i.server_appcall                         0x08002b04   Section        0  server.o(i.server_appcall)
    i.server_init                            0x08002c0c   Section        0  server.o(i.server_init)
    i.tapdev_init                            0x08002c18   Section        0  tapdev.o(i.tapdev_init)
    i.tapdev_read                            0x08002c68   Section        0  tapdev.o(i.tapdev_read)
    i.tapdev_send                            0x08002c7c   Section        0  tapdev.o(i.tapdev_send)
    i.timer_expired                          0x08002c94   Section        0  timer.o(i.timer_expired)
    i.timer_reset                            0x08002cae   Section        0  timer.o(i.timer_reset)
    i.timer_set                              0x08002cb8   Section        0  timer.o(i.timer_set)
    i.uart5_DATA_PROCESS                     0x08002cc8   Section        0  main.o(i.uart5_DATA_PROCESS)
    i.uip_add32                              0x08002de8   Section        0  uip.o(i.uip_add32)
    i.uip_add_rcv_nxt                        0x08002e58   Section        0  uip.o(i.uip_add_rcv_nxt)
    uip_add_rcv_nxt                          0x08002e59   Thumb Code    58  uip.o(i.uip_add_rcv_nxt)
    i.uip_arp_arpin                          0x08002e9c   Section        0  uip_arp.o(i.uip_arp_arpin)
    i.uip_arp_out                            0x08002f84   Section        0  uip_arp.o(i.uip_arp_out)
    i.uip_arp_timer                          0x08003124   Section        0  uip_arp.o(i.uip_arp_timer)
    i.uip_arp_update                         0x0800317c   Section        0  uip_arp.o(i.uip_arp_update)
    uip_arp_update                           0x0800317d   Thumb Code   272  uip_arp.o(i.uip_arp_update)
    i.uip_init                               0x080032a0   Section        0  uip.o(i.uip_init)
    i.uip_ipchksum                           0x08003310   Section        0  uip.o(i.uip_ipchksum)
    i.uip_listen                             0x08003334   Section        0  uip.o(i.uip_listen)
    i.uip_process                            0x08003374   Section        0  uip.o(i.uip_process)
    i.uip_send                               0x080041ec   Section        0  uip.o(i.uip_send)
    i.uip_tcpchksum                          0x0800421c   Section        0  uip.o(i.uip_tcpchksum)
    i.upper_layer_chksum                     0x08004228   Section        0  uip.o(i.upper_layer_chksum)
    upper_layer_chksum                       0x08004229   Thumb Code    66  uip.o(i.upper_layer_chksum)
    i.usart_init                             0x08004270   Section        0  usart.o(i.usart_init)
    x$fpl$dadd                               0x08004328   Section      336  daddsub_clz.o(x$fpl$dadd)
    _dadd1                                   0x08004339   Thumb Code     0  daddsub_clz.o(x$fpl$dadd)
    x$fpl$ddiv                               0x08004478   Section      688  ddiv.o(x$fpl$ddiv)
    ddiv_entry                               0x0800447f   Thumb Code     0  ddiv.o(x$fpl$ddiv)
    x$fpl$dfixu                              0x08004728   Section       90  dfixu.o(x$fpl$dfixu)
    x$fpl$dfltu                              0x08004782   Section       38  dflt_clz.o(x$fpl$dfltu)
    x$fpl$dnaninf                            0x080047a8   Section      156  dnaninf.o(x$fpl$dnaninf)
    x$fpl$dretinf                            0x08004844   Section       12  dretinf.o(x$fpl$dretinf)
    x$fpl$dsub                               0x08004850   Section      468  daddsub_clz.o(x$fpl$dsub)
    _dsub1                                   0x08004861   Thumb Code     0  daddsub_clz.o(x$fpl$dsub)
    .constdata                               0x08004a24   Section        8  uip.o(.constdata)
    x$fpl$usenofp                            0x08004a24   Section        0  usenofp.o(x$fpl$usenofp)
    all_ones_addr                            0x08004a24   Data           4  uip.o(.constdata)
    all_zeroes_addr                          0x08004a28   Data           4  uip.o(.constdata)
    .constdata                               0x08004a2c   Section       10  uip_arp.o(.constdata)
    broadcast_ethaddr                        0x08004a2c   Data           6  uip_arp.o(.constdata)
    broadcast_ipaddr                         0x08004a32   Data           4  uip_arp.o(.constdata)
    .constdata                               0x08004a36   Section       40  _printf_hex_int.o(.constdata)
    uc_hextab                                0x08004a36   Data          20  _printf_hex_int.o(.constdata)
    lc_hextab                                0x08004a4a   Data          20  _printf_hex_int.o(.constdata)
    .constdata                               0x08004a5e   Section       17  __printf_flags_wp.o(.constdata)
    maptable                                 0x08004a5e   Data          17  __printf_flags_wp.o(.constdata)
    .data                                    0x20000000   Section       61  main.o(.data)
    .data                                    0x20000040   Section       16  tapdev.o(.data)
    drop                                     0x20000048   Data           4  tapdev.o(.data)
    fd                                       0x2000004c   Data           4  tapdev.o(.data)
    .data                                    0x20000050   Section        8  enc28j60.o(.data)
    Enc28j60Bank                             0x20000050   Data           1  enc28j60.o(.data)
    NextPacketPtr                            0x20000054   Data           4  enc28j60.o(.data)
    .data                                    0x20000058   Section        4  stm32f10x_it.o(.data)
    .data                                    0x2000005c   Section        6  usart.o(.data)
    .data                                    0x20000064   Section       12  uart.o(.data)
    .data                                    0x20000070   Section       10  uart5.o(.data)
    .data                                    0x2000007a   Section        1  packet.o(.data)
    .data                                    0x2000007c   Section       81  bd_1.o(.data)
    .data                                    0x200000d0   Section       56  uip.o(.data)
    ipid                                     0x200000f8   Data           2  uip.o(.data)
    iss                                      0x200000fa   Data           4  uip.o(.data)
    lastport                                 0x200000fe   Data           2  uip.o(.data)
    c                                        0x20000104   Data           1  uip.o(.data)
    opt                                      0x20000105   Data           1  uip.o(.data)
    tmp16                                    0x20000106   Data           2  uip.o(.data)
    .data                                    0x20000108   Section        8  uip_arp.o(.data)
    ipaddr                                   0x20000108   Data           4  uip_arp.o(.data)
    i                                        0x2000010c   Data           1  uip_arp.o(.data)
    c                                        0x2000010d   Data           1  uip_arp.o(.data)
    arptime                                  0x2000010e   Data           1  uip_arp.o(.data)
    tmpage                                   0x2000010f   Data           1  uip_arp.o(.data)
    .data                                    0x20000110   Section       52  server.o(.data)
    buf                                      0x20000134   Data          16  server.o(.data)
    .data                                    0x20000144   Section       20  stm32f10x_rcc.o(.data)
    APBAHBPrescTable                         0x20000144   Data          16  stm32f10x_rcc.o(.data)
    ADCPrescTable                            0x20000154   Data           4  stm32f10x_rcc.o(.data)
    .data                                    0x20000158   Section       20  system_stm32f10x.o(.data)
    .bss                                     0x2000016c   Section      100  main.o(.bss)
    .bss                                     0x200001d0   Section     2048  usart.o(.bss)
    .bss                                     0x200009d0   Section      128  uart.o(.bss)
    .bss                                     0x20000a50   Section     2048  uart5.o(.bss)
    .bss                                     0x20001250   Section     1044  bd_1.o(.bss)
    Origin_Data                              0x20001334   Data         256  bd_1.o(.bss)
    RxBuffer                                 0x2000143e   Data         100  bd_1.o(.bss)
    .bss                                     0x20001664   Section     6268  uip.o(.bss)
    .bss                                     0x20002ee0   Section       96  uip_arp.o(.bss)
    arp_table                                0x20002ee0   Data          96  uip_arp.o(.bss)
    .bss                                     0x20002f40   Section      256  server.o(.bss)
    .bss                                     0x20003040   Section       96  libspace.o(.bss)
    HEAP                                     0x200030a0   Section      512  startup_stm32f10x_hd.o(HEAP)
    Heap_Mem                                 0x200030a0   Data         512  startup_stm32f10x_hd.o(HEAP)
    STACK                                    0x200032a0   Section     1024  startup_stm32f10x_hd.o(STACK)
    Stack_Mem                                0x200032a0   Data        1024  startup_stm32f10x_hd.o(STACK)
    __initial_sp                             0x200036a0   Data           0  startup_stm32f10x_hd.o(STACK)

    Global Symbols

    Symbol Name                              Value     Ov Type        Size  Object(Section)

    BuildAttributes$$THM_ISAv4$P$D$K$B$S$PE$A:L22UL41UL21$X:L11$S22US41US21$IEEE1$IW$USESV6$~STKCKD$USESV7$~SHL$OSPACE$ROPI$EBA8$UX$STANDARDLIB$REQ8$PRES8$EABIv2 0x00000000   Number         0  anon$$obj.o ABSOLUTE
    __ARM_use_no_argv                        0x00000000   Number         0  main.o ABSOLUTE
    _printf_flags                            0x00000000   Number         0  printf_stubs.o ABSOLUTE
    _printf_return_value                     0x00000000   Number         0  printf_stubs.o ABSOLUTE
    _printf_sizespec                         0x00000000   Number         0  printf_stubs.o ABSOLUTE
    _printf_widthprec                        0x00000000   Number         0  printf_stubs.o ABSOLUTE
    __ARM_exceptions_init                     - Undefined Weak Reference
    __alloca_initialize                       - Undefined Weak Reference
    __arm_preinit_                            - Undefined Weak Reference
    __cpp_initialize__aeabi_                  - Undefined Weak Reference
    __cxa_finalize                            - Undefined Weak Reference
    __rt_locale                               - Undefined Weak Reference
    __sigvec_lookup                           - Undefined Weak Reference
    _atexit_init                              - Undefined Weak Reference
    _call_atexit_fns                          - Undefined Weak Reference
    _clock_init                               - Undefined Weak Reference
    _fp_trap_init                             - Undefined Weak Reference
    _fp_trap_shutdown                         - Undefined Weak Reference
    _get_lc_collate                           - Undefined Weak Reference
    _get_lc_ctype                             - Undefined Weak Reference
    _get_lc_monetary                          - Undefined Weak Reference
    _get_lc_numeric                           - Undefined Weak Reference
    _get_lc_time                              - Undefined Weak Reference
    _getenv_init                              - Undefined Weak Reference
    _handle_redirection                       - Undefined Weak Reference
    _init_alloc                               - Undefined Weak Reference
    _init_user_alloc                          - Undefined Weak Reference
    _initio                                   - Undefined Weak Reference
    _mutex_acquire                            - Undefined Weak Reference
    _mutex_release                            - Undefined Weak Reference
    _printf_truncate_signed                   - Undefined Weak Reference
    _printf_truncate_unsigned                 - Undefined Weak Reference
    _rand_init                                - Undefined Weak Reference
    _signal_finish                            - Undefined Weak Reference
    _signal_init                              - Undefined Weak Reference
    _terminate_alloc                          - Undefined Weak Reference
    _terminate_user_alloc                     - Undefined Weak Reference
    _terminateio                              - Undefined Weak Reference
    __Vectors_Size                           0x00000130   Number         0  startup_stm32f10x_hd.o ABSOLUTE
    __Vectors                                0x08000000   Data           4  startup_stm32f10x_hd.o(RESET)
    __Vectors_End                            0x08000130   Data           0  startup_stm32f10x_hd.o(RESET)
    __main                                   0x08000131   Thumb Code     8  __main.o(!!!main)
    __scatterload                            0x08000139   Thumb Code     0  __scatter.o(!!!scatter)
    __scatterload_rt2                        0x08000139   Thumb Code    44  __scatter.o(!!!scatter)
    __scatterload_rt2_thumb_only             0x08000139   Thumb Code     0  __scatter.o(!!!scatter)
    __scatterload_null                       0x08000147   Thumb Code     0  __scatter.o(!!!scatter)
    __decompress                             0x0800016d   Thumb Code    90  __dczerorl2.o(!!dczerorl2)
    __decompress1                            0x0800016d   Thumb Code     0  __dczerorl2.o(!!dczerorl2)
    __scatterload_zeroinit                   0x080001c9   Thumb Code    28  __scatter_zi.o(!!handler_zi)
    _printf_d                                0x080001e5   Thumb Code     0  _printf_d.o(.ARM.Collect$$_printf_percent$$00000009)
    _printf_percent                          0x080001e5   Thumb Code     0  _printf_percent.o(.ARM.Collect$$_printf_percent$$00000000)
    _printf_x                                0x080001eb   Thumb Code     0  _printf_x.o(.ARM.Collect$$_printf_percent$$0000000C)
    _printf_percent_end                      0x080001f1   Thumb Code     0  _printf_percent_end.o(.ARM.Collect$$_printf_percent$$00000017)
    __rt_lib_init                            0x080001f5   Thumb Code     0  libinit.o(.ARM.Collect$$libinit$$00000000)
    __rt_lib_init_alloca_1                   0x080001f7   Thumb Code     0  libinit2.o(.ARM.Collect$$libinit$$0000002E)
    __rt_lib_init_argv_1                     0x080001f7   Thumb Code     0  libinit2.o(.ARM.Collect$$libinit$$0000002C)
    __rt_lib_init_atexit_1                   0x080001f7   Thumb Code     0  libinit2.o(.ARM.Collect$$libinit$$0000001B)
    __rt_lib_init_clock_1                    0x080001f7   Thumb Code     0  libinit2.o(.ARM.Collect$$libinit$$00000021)
    __rt_lib_init_cpp_1                      0x080001f7   Thumb Code     0  libinit2.o(.ARM.Collect$$libinit$$00000032)
    __rt_lib_init_exceptions_1               0x080001f7   Thumb Code     0  libinit2.o(.ARM.Collect$$libinit$$00000030)
    __rt_lib_init_fp_1                       0x080001f7   Thumb Code     0  libinit2.o(.ARM.Collect$$libinit$$00000002)
    __rt_lib_init_fp_trap_1                  0x080001f7   Thumb Code     0  libinit2.o(.ARM.Collect$$libinit$$0000001F)
    __rt_lib_init_getenv_1                   0x080001f7   Thumb Code     0  libinit2.o(.ARM.Collect$$libinit$$00000023)
    __rt_lib_init_heap_1                     0x080001f7   Thumb Code     0  libinit2.o(.ARM.Collect$$libinit$$0000000A)
    __rt_lib_init_lc_collate_1               0x080001f7   Thumb Code     0  libinit2.o(.ARM.Collect$$libinit$$00000011)
    __rt_lib_init_lc_ctype_1                 0x080001f7   Thumb Code     0  libinit2.o(.ARM.Collect$$libinit$$00000013)
    __rt_lib_init_lc_monetary_1              0x080001f7   Thumb Code     0  libinit2.o(.ARM.Collect$$libinit$$00000015)
    __rt_lib_init_lc_numeric_1               0x080001f7   Thumb Code     0  libinit2.o(.ARM.Collect$$libinit$$00000017)
    __rt_lib_init_lc_time_1                  0x080001f7   Thumb Code     0  libinit2.o(.ARM.Collect$$libinit$$00000019)
    __rt_lib_init_preinit_1                  0x080001f7   Thumb Code     0  libinit2.o(.ARM.Collect$$libinit$$00000004)
    __rt_lib_init_rand_1                     0x080001f7   Thumb Code     0  libinit2.o(.ARM.Collect$$libinit$$0000000E)
    __rt_lib_init_return                     0x080001f7   Thumb Code     0  libinit2.o(.ARM.Collect$$libinit$$00000033)
    __rt_lib_init_signal_1                   0x080001f7   Thumb Code     0  libinit2.o(.ARM.Collect$$libinit$$0000001D)
    __rt_lib_init_stdio_1                    0x080001f7   Thumb Code     0  libinit2.o(.ARM.Collect$$libinit$$00000025)
    __rt_lib_init_user_alloc_1               0x080001f7   Thumb Code     0  libinit2.o(.ARM.Collect$$libinit$$0000000C)
    __rt_lib_shutdown                        0x080001f9   Thumb Code     0  libshutdown.o(.ARM.Collect$$libshutdown$$00000000)
    __rt_lib_shutdown_fp_trap_1              0x080001fb   Thumb Code     0  libshutdown2.o(.ARM.Collect$$libshutdown$$00000006)
    __rt_lib_shutdown_heap_1                 0x080001fb   Thumb Code     0  libshutdown2.o(.ARM.Collect$$libshutdown$$0000000E)
    __rt_lib_shutdown_return                 0x080001fb   Thumb Code     0  libshutdown2.o(.ARM.Collect$$libshutdown$$0000000F)
    __rt_lib_shutdown_signal_1               0x080001fb   Thumb Code     0  libshutdown2.o(.ARM.Collect$$libshutdown$$00000009)
    __rt_lib_shutdown_stdio_1                0x080001fb   Thumb Code     0  libshutdown2.o(.ARM.Collect$$libshutdown$$00000003)
    __rt_lib_shutdown_user_alloc_1           0x080001fb   Thumb Code     0  libshutdown2.o(.ARM.Collect$$libshutdown$$0000000B)
    __rt_entry                               0x080001fd   Thumb Code     0  __rtentry.o(.ARM.Collect$$rtentry$$00000000)
    __rt_entry_presh_1                       0x080001fd   Thumb Code     0  __rtentry2.o(.ARM.Collect$$rtentry$$00000002)
    __rt_entry_sh                            0x080001fd   Thumb Code     0  __rtentry4.o(.ARM.Collect$$rtentry$$00000004)
    __rt_entry_li                            0x08000203   Thumb Code     0  __rtentry2.o(.ARM.Collect$$rtentry$$0000000A)
    __rt_entry_postsh_1                      0x08000203   Thumb Code     0  __rtentry2.o(.ARM.Collect$$rtentry$$00000009)
    __rt_entry_main                          0x08000207   Thumb Code     0  __rtentry2.o(.ARM.Collect$$rtentry$$0000000D)
    __rt_entry_postli_1                      0x08000207   Thumb Code     0  __rtentry2.o(.ARM.Collect$$rtentry$$0000000C)
    __rt_exit                                0x0800020f   Thumb Code     0  rtexit.o(.ARM.Collect$$rtexit$$00000000)
    __rt_exit_ls                             0x08000211   Thumb Code     0  rtexit2.o(.ARM.Collect$$rtexit$$00000003)
    __rt_exit_prels_1                        0x08000211   Thumb Code     0  rtexit2.o(.ARM.Collect$$rtexit$$00000002)
    __rt_exit_exit                           0x08000215   Thumb Code     0  rtexit2.o(.ARM.Collect$$rtexit$$00000004)
    Reset_Handler                            0x0800021d   Thumb Code     8  startup_stm32f10x_hd.o(.text)
    ADC1_2_IRQHandler                        0x08000237   Thumb Code     0  startup_stm32f10x_hd.o(.text)
    ADC3_IRQHandler                          0x08000237   Thumb Code     0  startup_stm32f10x_hd.o(.text)
    CAN1_RX1_IRQHandler                      0x08000237   Thumb Code     0  startup_stm32f10x_hd.o(.text)
    CAN1_SCE_IRQHandler                      0x08000237   Thumb Code     0  startup_stm32f10x_hd.o(.text)
    DMA1_Channel1_IRQHandler                 0x08000237   Thumb Code     0  startup_stm32f10x_hd.o(.text)
    DMA1_Channel2_IRQHandler                 0x08000237   Thumb Code     0  startup_stm32f10x_hd.o(.text)
    DMA1_Channel3_IRQHandler                 0x08000237   Thumb Code     0  startup_stm32f10x_hd.o(.text)
    DMA1_Channel4_IRQHandler                 0x08000237   Thumb Code     0  startup_stm32f10x_hd.o(.text)
    DMA1_Channel5_IRQHandler                 0x08000237   Thumb Code     0  startup_stm32f10x_hd.o(.text)
    DMA1_Channel6_IRQHandler                 0x08000237   Thumb Code     0  startup_stm32f10x_hd.o(.text)
    DMA1_Channel7_IRQHandler                 0x08000237   Thumb Code     0  startup_stm32f10x_hd.o(.text)
    DMA2_Channel1_IRQHandler                 0x08000237   Thumb Code     0  startup_stm32f10x_hd.o(.text)
    DMA2_Channel2_IRQHandler                 0x08000237   Thumb Code     0  startup_stm32f10x_hd.o(.text)
    DMA2_Channel3_IRQHandler                 0x08000237   Thumb Code     0  startup_stm32f10x_hd.o(.text)
    DMA2_Channel4_5_IRQHandler               0x08000237   Thumb Code     0  startup_stm32f10x_hd.o(.text)
    EXTI0_IRQHandler                         0x08000237   Thumb Code     0  startup_stm32f10x_hd.o(.text)
    EXTI15_10_IRQHandler                     0x08000237   Thumb Code     0  startup_stm32f10x_hd.o(.text)
    EXTI1_IRQHandler                         0x08000237   Thumb Code     0  startup_stm32f10x_hd.o(.text)
    EXTI2_IRQHandler                         0x08000237   Thumb Code     0  startup_stm32f10x_hd.o(.text)
    EXTI3_IRQHandler                         0x08000237   Thumb Code     0  startup_stm32f10x_hd.o(.text)
    EXTI4_IRQHandler                         0x08000237   Thumb Code     0  startup_stm32f10x_hd.o(.text)
    EXTI9_5_IRQHandler                       0x08000237   Thumb Code     0  startup_stm32f10x_hd.o(.text)
    FLASH_IRQHandler                         0x08000237   Thumb Code     0  startup_stm32f10x_hd.o(.text)
    FSMC_IRQHandler                          0x08000237   Thumb Code     0  startup_stm32f10x_hd.o(.text)
    I2C1_ER_IRQHandler                       0x08000237   Thumb Code     0  startup_stm32f10x_hd.o(.text)
    I2C1_EV_IRQHandler                       0x08000237   Thumb Code     0  startup_stm32f10x_hd.o(.text)
    I2C2_ER_IRQHandler                       0x08000237   Thumb Code     0  startup_stm32f10x_hd.o(.text)
    I2C2_EV_IRQHandler                       0x08000237   Thumb Code     0  startup_stm32f10x_hd.o(.text)
    PVD_IRQHandler                           0x08000237   Thumb Code     0  startup_stm32f10x_hd.o(.text)
    RCC_IRQHandler                           0x08000237   Thumb Code     0  startup_stm32f10x_hd.o(.text)
    RTCAlarm_IRQHandler                      0x08000237   Thumb Code     0  startup_stm32f10x_hd.o(.text)
    RTC_IRQHandler                           0x08000237   Thumb Code     0  startup_stm32f10x_hd.o(.text)
    SDIO_IRQHandler                          0x08000237   Thumb Code     0  startup_stm32f10x_hd.o(.text)
    SPI1_IRQHandler                          0x08000237   Thumb Code     0  startup_stm32f10x_hd.o(.text)
    SPI2_IRQHandler                          0x08000237   Thumb Code     0  startup_stm32f10x_hd.o(.text)
    SPI3_IRQHandler                          0x08000237   Thumb Code     0  startup_stm32f10x_hd.o(.text)
    TAMPER_IRQHandler                        0x08000237   Thumb Code     0  startup_stm32f10x_hd.o(.text)
    TIM1_BRK_IRQHandler                      0x08000237   Thumb Code     0  startup_stm32f10x_hd.o(.text)
    TIM1_CC_IRQHandler                       0x08000237   Thumb Code     0  startup_stm32f10x_hd.o(.text)
    TIM1_TRG_COM_IRQHandler                  0x08000237   Thumb Code     0  startup_stm32f10x_hd.o(.text)
    TIM1_UP_IRQHandler                       0x08000237   Thumb Code     0  startup_stm32f10x_hd.o(.text)
    TIM3_IRQHandler                          0x08000237   Thumb Code     0  startup_stm32f10x_hd.o(.text)
    TIM5_IRQHandler                          0x08000237   Thumb Code     0  startup_stm32f10x_hd.o(.text)
    TIM6_IRQHandler                          0x08000237   Thumb Code     0  startup_stm32f10x_hd.o(.text)
    TIM7_IRQHandler                          0x08000237   Thumb Code     0  startup_stm32f10x_hd.o(.text)
    TIM8_BRK_IRQHandler                      0x08000237   Thumb Code     0  startup_stm32f10x_hd.o(.text)
    TIM8_CC_IRQHandler                       0x08000237   Thumb Code     0  startup_stm32f10x_hd.o(.text)
    TIM8_TRG_COM_IRQHandler                  0x08000237   Thumb Code     0  startup_stm32f10x_hd.o(.text)
    TIM8_UP_IRQHandler                       0x08000237   Thumb Code     0  startup_stm32f10x_hd.o(.text)
    USART2_IRQHandler                        0x08000237   Thumb Code     0  startup_stm32f10x_hd.o(.text)
    USART3_IRQHandler                        0x08000237   Thumb Code     0  startup_stm32f10x_hd.o(.text)
    USBWakeUp_IRQHandler                     0x08000237   Thumb Code     0  startup_stm32f10x_hd.o(.text)
    USB_HP_CAN1_TX_IRQHandler                0x08000237   Thumb Code     0  startup_stm32f10x_hd.o(.text)
    USB_LP_CAN1_RX0_IRQHandler               0x08000237   Thumb Code     0  startup_stm32f10x_hd.o(.text)
    WWDG_IRQHandler                          0x08000237   Thumb Code     0  startup_stm32f10x_hd.o(.text)
    __user_initial_stackheap                 0x08000239   Thumb Code     0  startup_stm32f10x_hd.o(.text)
    __use_no_semihosting                     0x0800025d   Thumb Code     2  use_no_semi_2.o(.text)
    __2printf                                0x08000261   Thumb Code    20  noretval__2printf.o(.text)
    _printf_pre_padding                      0x08000279   Thumb Code    44  _printf_pad.o(.text)
    _printf_post_padding                     0x080002a5   Thumb Code    34  _printf_pad.o(.text)
    _printf_int_dec                          0x080002c9   Thumb Code   104  _printf_dec.o(.text)
    _printf_int_hex                          0x08000341   Thumb Code    84  _printf_hex_int.o(.text)
    _printf_longlong_hex                     0x08000341   Thumb Code     0  _printf_hex_int.o(.text)
    __printf                                 0x08000399   Thumb Code   308  __printf_flags_wp.o(.text)
    __aeabi_memcpy                           0x080004d1   Thumb Code     0  rt_memcpy_v6.o(.text)
    __rt_memcpy                              0x080004d1   Thumb Code   138  rt_memcpy_v6.o(.text)
    _memcpy_lastbytes                        0x08000537   Thumb Code     0  rt_memcpy_v6.o(.text)
    __aeabi_memset                           0x0800055b   Thumb Code    16  aeabi_memset.o(.text)
    __use_two_region_memory                  0x0800056b   Thumb Code     2  heapauxi.o(.text)
    __rt_heap_escrow$2region                 0x0800056d   Thumb Code     2  heapauxi.o(.text)
    __rt_heap_expand$2region                 0x0800056f   Thumb Code     2  heapauxi.o(.text)
    __I$use$semihosting                      0x08000571   Thumb Code     0  use_no_semi.o(.text)
    __use_no_semihosting_swi                 0x08000571   Thumb Code     2  use_no_semi.o(.text)
    _printf_int_common                       0x08000573   Thumb Code   178  _printf_intcommon.o(.text)
    _printf_char_file                        0x08000625   Thumb Code    32  _printf_char_file.o(.text)
    __aeabi_memcpy4                          0x08000649   Thumb Code     0  rt_memcpy_w.o(.text)
    __aeabi_memcpy8                          0x08000649   Thumb Code     0  rt_memcpy_w.o(.text)
    __rt_memcpy_w                            0x08000649   Thumb Code   100  rt_memcpy_w.o(.text)
    _memcpy_lastbytes_aligned                0x08000691   Thumb Code     0  rt_memcpy_w.o(.text)
    __aeabi_memclr                           0x080006ad   Thumb Code     0  rt_memclr.o(.text)
    __rt_memclr                              0x080006ad   Thumb Code    68  rt_memclr.o(.text)
    _memset                                  0x080006b1   Thumb Code     0  rt_memclr.o(.text)
    _printf_char_common                      0x080006fb   Thumb Code    32  _printf_char_common.o(.text)
    ferror                                   0x08000721   Thumb Code     8  ferror.o(.text)
    __aeabi_memclr4                          0x08000729   Thumb Code     0  rt_memclr_w.o(.text)
    __aeabi_memclr8                          0x08000729   Thumb Code     0  rt_memclr_w.o(.text)
    __rt_memclr_w                            0x08000729   Thumb Code    78  rt_memclr_w.o(.text)
    _memset_w                                0x0800072d   Thumb Code     0  rt_memclr_w.o(.text)
    __user_setup_stackheap                   0x08000777   Thumb Code    74  sys_stackheap_outer.o(.text)
    exit                                     0x080007c1   Thumb Code    12  exit.o(.text)
    __user_libspace                          0x080007cd   Thumb Code     8  libspace.o(.text)
    __user_perproc_libspace                  0x080007cd   Thumb Code     0  libspace.o(.text)
    __user_perthread_libspace                0x080007cd   Thumb Code     0  libspace.o(.text)
    BD_TXSQ_SEND                             0x080007d5   Thumb Code   234  bd_1.o(i.BD_TXSQ_SEND)
    BD_read                                  0x08000951   Thumb Code   314  bd_1.o(i.BD_read)
    BD_retransmission                        0x08000b31   Thumb Code   414  bd_1.o(i.BD_retransmission)
    BusFault_Handler                         0x08000dc1   Thumb Code     4  stm32f10x_it.o(i.BusFault_Handler)
    DATA_PROCESS                             0x08000dc5   Thumb Code   120  server.o(i.DATA_PROCESS)
    DebugMon_Handler                         0x08000e95   Thumb Code     2  stm32f10x_it.o(i.DebugMon_Handler)
    GPIO_Init                                0x08000e97   Thumb Code   278  stm32f10x_gpio.o(i.GPIO_Init)
    GPIO_ReadOutputDataBit                   0x08000fad   Thumb Code    18  stm32f10x_gpio.o(i.GPIO_ReadOutputDataBit)
    GPIO_ResetBits                           0x08000fbf   Thumb Code     4  stm32f10x_gpio.o(i.GPIO_ResetBits)
    GPIO_SetBits                             0x08000fc3   Thumb Code     4  stm32f10x_gpio.o(i.GPIO_SetBits)
    HardFault_Handler                        0x08000fc7   Thumb Code     4  stm32f10x_it.o(i.HardFault_Handler)
    MemManage_Handler                        0x08000fcb   Thumb Code     4  stm32f10x_it.o(i.MemManage_Handler)
    NMI_Handler                              0x08000fcf   Thumb Code     2  stm32f10x_it.o(i.NMI_Handler)
    NVIC_Init                                0x08000fd1   Thumb Code   100  misc.o(i.NVIC_Init)
    NVIC_PriorityGroupConfig                 0x08001041   Thumb Code    10  misc.o(i.NVIC_PriorityGroupConfig)
    PendSV_Handler                           0x08001055   Thumb Code     2  stm32f10x_it.o(i.PendSV_Handler)
    RCC_APB1PeriphClockCmd                   0x08001059   Thumb Code    26  stm32f10x_rcc.o(i.RCC_APB1PeriphClockCmd)
    RCC_APB1PeriphResetCmd                   0x08001079   Thumb Code    26  stm32f10x_rcc.o(i.RCC_APB1PeriphResetCmd)
    RCC_APB2PeriphClockCmd                   0x08001099   Thumb Code    26  stm32f10x_rcc.o(i.RCC_APB2PeriphClockCmd)
    RCC_APB2PeriphResetCmd                   0x080010b9   Thumb Code    26  stm32f10x_rcc.o(i.RCC_APB2PeriphResetCmd)
    RCC_GetClocksFreq                        0x080010d9   Thumb Code   192  stm32f10x_rcc.o(i.RCC_GetClocksFreq)
    SPI1_Init                                0x080011ad   Thumb Code   166  spi.o(i.SPI1_Init)
    SPI1_ReadWrite                           0x0800125d   Thumb Code    50  spi.o(i.SPI1_ReadWrite)
    SPI_Cmd                                  0x08001295   Thumb Code    24  stm32f10x_spi.o(i.SPI_Cmd)
    SPI_I2S_GetFlagStatus                    0x080012ad   Thumb Code    18  stm32f10x_spi.o(i.SPI_I2S_GetFlagStatus)
    SPI_I2S_ReceiveData                      0x080012bf   Thumb Code     6  stm32f10x_spi.o(i.SPI_I2S_ReceiveData)
    SPI_I2S_SendData                         0x080012c5   Thumb Code     4  stm32f10x_spi.o(i.SPI_I2S_SendData)
    SPI_Init                                 0x080012c9   Thumb Code    60  stm32f10x_spi.o(i.SPI_Init)
    SVC_Handler                              0x08001305   Thumb Code     2  stm32f10x_it.o(i.SVC_Handler)
    SysTick_Handler                          0x080013f1   Thumb Code    12  stm32f10x_it.o(i.SysTick_Handler)
    SystemInit                               0x08001401   Thumb Code    78  system_stm32f10x.o(i.SystemInit)
    TIM2_IRQHandler                          0x08001461   Thumb Code    44  stm32f10x_it.o(i.TIM2_IRQHandler)
    TIM4_IRQHandler                          0x08001491   Thumb Code    40  uart5.o(i.TIM4_IRQHandler)
    TIM4_Init                                0x080014c1   Thumb Code    82  uart5.o(i.TIM4_Init)
    TIM4_Set                                 0x08001519   Thumb Code    34  uart5.o(i.TIM4_Set)
    TIM_ARRPreloadConfig                     0x08001541   Thumb Code    24  stm32f10x_tim.o(i.TIM_ARRPreloadConfig)
    TIM_ClearFlag                            0x08001559   Thumb Code     6  stm32f10x_tim.o(i.TIM_ClearFlag)
    TIM_ClearITPendingBit                    0x0800155f   Thumb Code     6  stm32f10x_tim.o(i.TIM_ClearITPendingBit)
    TIM_Cmd                                  0x08001565   Thumb Code    24  stm32f10x_tim.o(i.TIM_Cmd)
    TIM_GetITStatus                          0x0800157d   Thumb Code    34  stm32f10x_tim.o(i.TIM_GetITStatus)
    TIM_ITConfig                             0x0800159f   Thumb Code    18  stm32f10x_tim.o(i.TIM_ITConfig)
    TIM_SetCounter                           0x080015b1   Thumb Code     4  stm32f10x_tim.o(i.TIM_SetCounter)
    TIM_TimeBaseInit                         0x080015b5   Thumb Code   122  stm32f10x_tim.o(i.TIM_TimeBaseInit)
    TIM_UpdateRequestConfig                  0x08001659   Thumb Code    24  stm32f10x_tim.o(i.TIM_UpdateRequestConfig)
    UART4_IRQHandler                         0x08001671   Thumb Code   136  uart.o(i.UART4_IRQHandler)
    UART5_IRQHandler                         0x0800170d   Thumb Code   160  uart5.o(i.UART5_IRQHandler)
    UART5_Init                               0x080017c5   Thumb Code   182  uart5.o(i.UART5_Init)
    UART5_WRITE                              0x0800188d   Thumb Code    52  uart5.o(i.UART5_WRITE)
    UART_DATA_PROCESS                        0x080018cd   Thumb Code    86  main.o(i.UART_DATA_PROCESS)
    UART_INIT                                0x0800198d   Thumb Code   212  uart.o(i.UART_INIT)
    UART_WRITE                               0x08001a69   Thumb Code    52  uart.o(i.UART_WRITE)
    USART1_IRQHandler                        0x08001aa9   Thumb Code   124  usart.o(i.USART1_IRQHandler)
    USART_ClearFlag                          0x08001b31   Thumb Code    18  stm32f10x_usart.o(i.USART_ClearFlag)
    USART_ClearITPendingBit                  0x08001b43   Thumb Code    30  stm32f10x_usart.o(i.USART_ClearITPendingBit)
    USART_ClockInit                          0x08001b61   Thumb Code    34  stm32f10x_usart.o(i.USART_ClockInit)
    USART_Cmd                                0x08001b83   Thumb Code    24  stm32f10x_usart.o(i.USART_Cmd)
    USART_DeInit                             0x08001b9d   Thumb Code   134  stm32f10x_usart.o(i.USART_DeInit)
    USART_GetITStatus                        0x08001c39   Thumb Code    84  stm32f10x_usart.o(i.USART_GetITStatus)
    USART_ITConfig                           0x08001c8d   Thumb Code    74  stm32f10x_usart.o(i.USART_ITConfig)
    USART_Init                               0x08001cd9   Thumb Code   210  stm32f10x_usart.o(i.USART_Init)
    USART_ReceiveData                        0x08001db1   Thumb Code    10  stm32f10x_usart.o(i.USART_ReceiveData)
    USART_SendData                           0x08001dbb   Thumb Code     8  stm32f10x_usart.o(i.USART_SendData)
    UsageFault_Handler                       0x08001dc3   Thumb Code     4  stm32f10x_it.o(i.UsageFault_Handler)
    _is_digit                                0x08001dc7   Thumb Code    14  __printf_wp.o(i._is_digit)
    _sys_exit                                0x08001dd5   Thumb Code     6  usart.o(i._sys_exit)
    clock_time                               0x08001e21   Thumb Code     6  clock-arch.o(i.clock_time)
    delay_init                               0x08001e2d   Thumb Code   106  delay.o(i.delay_init)
    enc28j60Init                             0x08001ea5   Thumb Code   336  enc28j60.o(i.enc28j60Init)
    enc28j60PacketReceive                    0x08001ffd   Thumb Code   188  enc28j60.o(i.enc28j60PacketReceive)
    enc28j60PacketSend                       0x080020bd   Thumb Code   102  enc28j60.o(i.enc28j60PacketSend)
    enc28j60PhyWrite                         0x08002123   Thumb Code    50  enc28j60.o(i.enc28j60PhyWrite)
    enc28j60Read                             0x08002155   Thumb Code    20  enc28j60.o(i.enc28j60Read)
    enc28j60ReadBuffer                       0x08002169   Thumb Code    52  enc28j60.o(i.enc28j60ReadBuffer)
    enc28j60ReadOp                           0x080021a1   Thumb Code    64  enc28j60.o(i.enc28j60ReadOp)
    enc28j60SetBank                          0x080021e5   Thumb Code    48  enc28j60.o(i.enc28j60SetBank)
    enc28j60Write                            0x08002219   Thumb Code    24  enc28j60.o(i.enc28j60Write)
    enc28j60WriteBuffer                      0x08002231   Thumb Code    46  enc28j60.o(i.enc28j60WriteBuffer)
    enc28j60WriteOp                          0x08002265   Thumb Code    54  enc28j60.o(i.enc28j60WriteOp)
    file_deal                                0x080022a1   Thumb Code   438  bd_1.o(i.file_deal)
    fputc                                    0x08002545   Thumb Code    24  usart.o(i.fputc)
    htons                                    0x08002561   Thumb Code    12  uip.o(i.htons)
    main                                     0x0800256d   Thumb Code   748  main.o(i.main)
    packet_init                              0x08002ac9   Thumb Code     8  packet.o(i.packet_init)
    packet_send                              0x08002ad5   Thumb Code    38  server.o(i.packet_send)
    server_appcall                           0x08002b05   Thumb Code   154  server.o(i.server_appcall)
    server_init                              0x08002c0d   Thumb Code    12  server.o(i.server_init)
    tapdev_init                              0x08002c19   Thumb Code    70  tapdev.o(i.tapdev_init)
    tapdev_read                              0x08002c69   Thumb Code    14  tapdev.o(i.tapdev_read)
    tapdev_send                              0x08002c7d   Thumb Code    14  tapdev.o(i.tapdev_send)
    timer_expired                            0x08002c95   Thumb Code    26  timer.o(i.timer_expired)
    timer_reset                              0x08002caf   Thumb Code    10  timer.o(i.timer_reset)
    timer_set                                0x08002cb9   Thumb Code    16  timer.o(i.timer_set)
    uart5_DATA_PROCESS                       0x08002cc9   Thumb Code   148  main.o(i.uart5_DATA_PROCESS)
    uip_add32                                0x08002de9   Thumb Code   106  uip.o(i.uip_add32)
    uip_arp_arpin                            0x08002e9d   Thumb Code   216  uip_arp.o(i.uip_arp_arpin)
    uip_arp_out                              0x08002f85   Thumb Code   366  uip_arp.o(i.uip_arp_out)
    uip_arp_timer                            0x08003125   Thumb Code    76  uip_arp.o(i.uip_arp_timer)
    uip_init                                 0x080032a1   Thumb Code    96  uip.o(i.uip_init)
    uip_ipchksum                             0x08003311   Thumb Code    30  uip.o(i.uip_ipchksum)
    uip_listen                               0x08003335   Thumb Code    54  uip.o(i.uip_listen)
    uip_process                              0x08003375   Thumb Code  3680  uip.o(i.uip_process)
    uip_send                                 0x080041ed   Thumb Code    38  uip.o(i.uip_send)
    uip_tcpchksum                            0x0800421d   Thumb Code    10  uip.o(i.uip_tcpchksum)
    usart_init                               0x08004271   Thumb Code   176  usart.o(i.usart_init)
    __aeabi_dadd                             0x08004329   Thumb Code     0  daddsub_clz.o(x$fpl$dadd)
    _dadd                                    0x08004329   Thumb Code   332  daddsub_clz.o(x$fpl$dadd)
    __aeabi_ddiv                             0x08004479   Thumb Code     0  ddiv.o(x$fpl$ddiv)
    _ddiv                                    0x08004479   Thumb Code   552  ddiv.o(x$fpl$ddiv)
    __aeabi_d2uiz                            0x08004729   Thumb Code     0  dfixu.o(x$fpl$dfixu)
    _dfixu                                   0x08004729   Thumb Code    90  dfixu.o(x$fpl$dfixu)
    __aeabi_ui2d                             0x08004783   Thumb Code     0  dflt_clz.o(x$fpl$dfltu)
    _dfltu                                   0x08004783   Thumb Code    38  dflt_clz.o(x$fpl$dfltu)
    __fpl_dnaninf                            0x080047a9   Thumb Code   156  dnaninf.o(x$fpl$dnaninf)
    __fpl_dretinf                            0x08004845   Thumb Code    12  dretinf.o(x$fpl$dretinf)
    __aeabi_dsub                             0x08004851   Thumb Code     0  daddsub_clz.o(x$fpl$dsub)
    _dsub                                    0x08004851   Thumb Code   464  daddsub_clz.o(x$fpl$dsub)
    __I$use$fp                               0x08004a24   Number         0  usenofp.o(x$fpl$usenofp)
    Region$$Table$$Base                      0x08004a70   Number         0  anon$$obj.o(Region$$Table)
    Region$$Table$$Limit                     0x08004a90   Number         0  anon$$obj.o(Region$$Table)
    test_data                                0x20000000   Data          10  main.o(.data)
    online_flag                              0x2000000c   Data           4  main.o(.data)
    gprs_state                               0x20000010   Data          16  main.o(.data)
    gprs_on                                  0x20000020   Data           4  main.o(.data)
    ip                                       0x20000024   Data          20  main.o(.data)
    por                                      0x20000038   Data           5  main.o(.data)
    my_mac                                   0x20000040   Data           6  tapdev.o(.data)
    current_clock                            0x20000058   Data           4  stm32f10x_it.o(.data)
    __stdout                                 0x2000005c   Data           4  usart.o(.data)
    USART_RX_STA                             0x20000060   Data           2  usart.o(.data)
    UART4_RX_STA                             0x20000064   Data           4  uart.o(.data)
    TX_P                                     0x20000068   Data           4  uart.o(.data)
    TX_CONT                                  0x2000006c   Data           4  uart.o(.data)
    TXP                                      0x20000070   Data           4  uart5.o(.data)
    TX_len                                   0x20000074   Data           4  uart5.o(.data)
    UART5_RX_STA                             0x20000078   Data           2  uart5.o(.data)
    packet_len                               0x2000007a   Data           1  packet.o(.data)
    ZJ                                       0x2000007c   Data          13  bd_1.o(.data)
    IC                                       0x20000089   Data          12  bd_1.o(.data)
    ask_len                                  0x20000098   Data           4  bd_1.o(.data)
    momo_bd                                  0x2000009c   Data           4  bd_1.o(.data)
    NUM                                      0x200000a0   Data           1  bd_1.o(.data)
    LEN                                      0x200000a1   Data           1  bd_1.o(.data)
    Freq_commu                               0x200000a4   Data           4  bd_1.o(.data)
    delay_timer0                             0x200000a8   Data           8  bd_1.o(.data)
    BD_process_STA                           0x200000b0   Data           4  bd_1.o(.data)
    BD_1_RX_FLAG                             0x200000b4   Data           1  bd_1.o(.data)
    BD_1_DATA_FLAG                           0x200000b5   Data           1  bd_1.o(.data)
    BD_BUF_1_LEN                             0x200000b8   Data           4  bd_1.o(.data)
    BD_BUF_2_LEN                             0x200000bc   Data           4  bd_1.o(.data)
    BD_BUF_3_LEN                             0x200000c0   Data           4  bd_1.o(.data)
    BD_BUF_ASK_LEN                           0x200000c4   Data           4  bd_1.o(.data)
    BD_1_SIG                                 0x200000c8   Data           1  bd_1.o(.data)
    BD_1_ADDR                                0x200000c9   Data           3  bd_1.o(.data)
    BD_Count                                 0x200000cc   Data           1  bd_1.o(.data)
    uip_hostaddr                             0x200000d0   Data           4  uip.o(.data)
    uip_draddr                               0x200000d4   Data           4  uip.o(.data)
    uip_netmask                              0x200000d8   Data           4  uip.o(.data)
    uip_ethaddr                              0x200000dc   Data           6  uip.o(.data)
    uip_appdata                              0x200000e4   Data           4  uip.o(.data)
    uip_sappdata                             0x200000e8   Data           4  uip.o(.data)
    uip_len                                  0x200000ec   Data           2  uip.o(.data)
    uip_slen                                 0x200000ee   Data           2  uip.o(.data)
    uip_flags                                0x200000f0   Data           1  uip.o(.data)
    uip_conn                                 0x200000f4   Data           4  uip.o(.data)
    uip_acc32                                0x20000100   Data           4  uip.o(.data)
    confirm                                  0x20000110   Data          20  server.o(.data)
    SEND_ADDR                                0x20000124   Data           3  server.o(.data)
    data_send                                0x20000128   Data           4  server.o(.data)
    data_len                                 0x2000012c   Data           1  server.o(.data)
    LEN0                                     0x20000130   Data           4  server.o(.data)
    SystemCoreClock                          0x20000158   Data           4  system_stm32f10x.o(.data)
    AHBPrescTable                            0x2000015c   Data          16  system_stm32f10x.o(.data)
    recieve_data                             0x2000016c   Data         100  main.o(.bss)
    USART_RX_BUF                             0x200001d0   Data        2048  usart.o(.bss)
    UART4_RX_BUF                             0x200009d0   Data         128  uart.o(.bss)
    UART5_TX_BUF                             0x20000a50   Data        1024  uart5.o(.bss)
    UART5_RX_BUF                             0x20000e50   Data        1024  uart5.o(.bss)
    SD                                       0x20001250   Data         228  bd_1.o(.bss)
    ASK                                      0x20001434   Data          10  bd_1.o(.bss)
    data_0                                   0x200014a2   Data         100  bd_1.o(.bss)
    BD_BUF_1                                 0x20001506   Data         100  bd_1.o(.bss)
    BD_BUF_2                                 0x2000156a   Data         100  bd_1.o(.bss)
    BD_BUF_3                                 0x200015ce   Data         100  bd_1.o(.bss)
    BD_BUF_ASK                               0x20001632   Data          50  bd_1.o(.bss)
    uip_buf                                  0x20001664   Data        1502  uip.o(.bss)
    uip_conns                                0x20001c44   Data        4640  uip.o(.bss)
    uip_listenports                          0x20002e64   Data          80  uip.o(.bss)
    uip_stat                                 0x20002eb4   Data          44  uip.o(.bss)
    buff                                     0x20002f40   Data         256  server.o(.bss)
    __libspace_start                         0x20003040   Data          96  libspace.o(.bss)
    __temporary_stack_top$libspace           0x200030a0   Data           0  libspace.o(.bss)



==============================================================================

Memory Map of the image

  Image Entry point : 0x08000131

  Load Region LR_IROM1 (Base: 0x08000000, Size: 0x00004bfc, Max: 0x00040000, ABSOLUTE, COMPRESSED[0x00004b14])

    Execution Region ER_IROM1 (Base: 0x08000000, Size: 0x00004a90, Max: 0x00040000, ABSOLUTE)

    Base Addr    Size         Type   Attr      Idx    E Section Name        Object

    0x08000000   0x00000130   Data   RO         2896    RESET               startup_stm32f10x_hd.o
    0x08000130   0x00000008   Code   RO         3011  * !!!main             c_w.l(__main.o)
    0x08000138   0x00000034   Code   RO         3221    !!!scatter          c_w.l(__scatter.o)
    0x0800016c   0x0000005a   Code   RO         3219    !!dczerorl2         c_w.l(__dczerorl2.o)
    0x080001c6   0x00000002   PAD
    0x080001c8   0x0000001c   Code   RO         3223    !!handler_zi        c_w.l(__scatter_zi.o)
    0x080001e4   0x00000000   Code   RO         3004    .ARM.Collect$$_printf_percent$$00000000  c_w.l(_printf_percent.o)
    0x080001e4   0x00000006   Code   RO         3003    .ARM.Collect$$_printf_percent$$00000009  c_w.l(_printf_d.o)
    0x080001ea   0x00000006   Code   RO         3002    .ARM.Collect$$_printf_percent$$0000000C  c_w.l(_printf_x.o)
    0x080001f0   0x00000004   Code   RO         3046    .ARM.Collect$$_printf_percent$$00000017  c_w.l(_printf_percent_end.o)
    0x080001f4   0x00000002   Code   RO         3094    .ARM.Collect$$libinit$$00000000  c_w.l(libinit.o)
    0x080001f6   0x00000000   Code   RO         3101    .ARM.Collect$$libinit$$00000002  c_w.l(libinit2.o)
    0x080001f6   0x00000000   Code   RO         3103    .ARM.Collect$$libinit$$00000004  c_w.l(libinit2.o)
    0x080001f6   0x00000000   Code   RO         3106    .ARM.Collect$$libinit$$0000000A  c_w.l(libinit2.o)
    0x080001f6   0x00000000   Code   RO         3108    .ARM.Collect$$libinit$$0000000C  c_w.l(libinit2.o)
    0x080001f6   0x00000000   Code   RO         3110    .ARM.Collect$$libinit$$0000000E  c_w.l(libinit2.o)
    0x080001f6   0x00000000   Code   RO         3113    .ARM.Collect$$libinit$$00000011  c_w.l(libinit2.o)
    0x080001f6   0x00000000   Code   RO         3115    .ARM.Collect$$libinit$$00000013  c_w.l(libinit2.o)
    0x080001f6   0x00000000   Code   RO         3117    .ARM.Collect$$libinit$$00000015  c_w.l(libinit2.o)
    0x080001f6   0x00000000   Code   RO         3119    .ARM.Collect$$libinit$$00000017  c_w.l(libinit2.o)
    0x080001f6   0x00000000   Code   RO         3121    .ARM.Collect$$libinit$$00000019  c_w.l(libinit2.o)
    0x080001f6   0x00000000   Code   RO         3123    .ARM.Collect$$libinit$$0000001B  c_w.l(libinit2.o)
    0x080001f6   0x00000000   Code   RO         3125    .ARM.Collect$$libinit$$0000001D  c_w.l(libinit2.o)
    0x080001f6   0x00000000   Code   RO         3127    .ARM.Collect$$libinit$$0000001F  c_w.l(libinit2.o)
    0x080001f6   0x00000000   Code   RO         3129    .ARM.Collect$$libinit$$00000021  c_w.l(libinit2.o)
    0x080001f6   0x00000000   Code   RO         3131    .ARM.Collect$$libinit$$00000023  c_w.l(libinit2.o)
    0x080001f6   0x00000000   Code   RO         3133    .ARM.Collect$$libinit$$00000025  c_w.l(libinit2.o)
    0x080001f6   0x00000000   Code   RO         3137    .ARM.Collect$$libinit$$0000002C  c_w.l(libinit2.o)
    0x080001f6   0x00000000   Code   RO         3139    .ARM.Collect$$libinit$$0000002E  c_w.l(libinit2.o)
    0x080001f6   0x00000000   Code   RO         3141    .ARM.Collect$$libinit$$00000030  c_w.l(libinit2.o)
    0x080001f6   0x00000000   Code   RO         3143    .ARM.Collect$$libinit$$00000032  c_w.l(libinit2.o)
    0x080001f6   0x00000002   Code   RO         3144    .ARM.Collect$$libinit$$00000033  c_w.l(libinit2.o)
    0x080001f8   0x00000002   Code   RO         3162    .ARM.Collect$$libshutdown$$00000000  c_w.l(libshutdown.o)
    0x080001fa   0x00000000   Code   RO         3173    .ARM.Collect$$libshutdown$$00000003  c_w.l(libshutdown2.o)
    0x080001fa   0x00000000   Code   RO         3176    .ARM.Collect$$libshutdown$$00000006  c_w.l(libshutdown2.o)
    0x080001fa   0x00000000   Code   RO         3179    .ARM.Collect$$libshutdown$$00000009  c_w.l(libshutdown2.o)
    0x080001fa   0x00000000   Code   RO         3181    .ARM.Collect$$libshutdown$$0000000B  c_w.l(libshutdown2.o)
    0x080001fa   0x00000000   Code   RO         3184    .ARM.Collect$$libshutdown$$0000000E  c_w.l(libshutdown2.o)
    0x080001fa   0x00000002   Code   RO         3185    .ARM.Collect$$libshutdown$$0000000F  c_w.l(libshutdown2.o)
    0x080001fc   0x00000000   Code   RO         3041    .ARM.Collect$$rtentry$$00000000  c_w.l(__rtentry.o)
    0x080001fc   0x00000000   Code   RO         3061    .ARM.Collect$$rtentry$$00000002  c_w.l(__rtentry2.o)
    0x080001fc   0x00000006   Code   RO         3073    .ARM.Collect$$rtentry$$00000004  c_w.l(__rtentry4.o)
    0x08000202   0x00000000   Code   RO         3063    .ARM.Collect$$rtentry$$00000009  c_w.l(__rtentry2.o)
    0x08000202   0x00000004   Code   RO         3064    .ARM.Collect$$rtentry$$0000000A  c_w.l(__rtentry2.o)
    0x08000206   0x00000000   Code   RO         3066    .ARM.Collect$$rtentry$$0000000C  c_w.l(__rtentry2.o)
    0x08000206   0x00000008   Code   RO         3067    .ARM.Collect$$rtentry$$0000000D  c_w.l(__rtentry2.o)
    0x0800020e   0x00000002   Code   RO         3098    .ARM.Collect$$rtexit$$00000000  c_w.l(rtexit.o)
    0x08000210   0x00000000   Code   RO         3146    .ARM.Collect$$rtexit$$00000002  c_w.l(rtexit2.o)
    0x08000210   0x00000004   Code   RO         3147    .ARM.Collect$$rtexit$$00000003  c_w.l(rtexit2.o)
    0x08000214   0x00000006   Code   RO         3148    .ARM.Collect$$rtexit$$00000004  c_w.l(rtexit2.o)
    0x0800021a   0x00000002   PAD
    0x0800021c   0x00000040   Code   RO         2897    .text               startup_stm32f10x_hd.o
    0x0800025c   0x00000002   Code   RO         2949    .text               c_w.l(use_no_semi_2.o)
    0x0800025e   0x00000002   PAD
    0x08000260   0x00000018   Code   RO         2953    .text               c_w.l(noretval__2printf.o)
    0x08000278   0x0000004e   Code   RO         2957    .text               c_w.l(_printf_pad.o)
    0x080002c6   0x00000002   PAD
    0x080002c8   0x00000078   Code   RO         2959    .text               c_w.l(_printf_dec.o)
    0x08000340   0x00000058   Code   RO         2964    .text               c_w.l(_printf_hex_int.o)
    0x08000398   0x00000138   Code   RO         2994    .text               c_w.l(__printf_flags_wp.o)
    0x080004d0   0x0000008a   Code   RO         3005    .text               c_w.l(rt_memcpy_v6.o)
    0x0800055a   0x00000010   Code   RO         3007    .text               c_w.l(aeabi_memset.o)
    0x0800056a   0x00000006   Code   RO         3009    .text               c_w.l(heapauxi.o)
    0x08000570   0x00000002   Code   RO         3039    .text               c_w.l(use_no_semi.o)
    0x08000572   0x000000b2   Code   RO         3042    .text               c_w.l(_printf_intcommon.o)
    0x08000624   0x00000024   Code   RO         3044    .text               c_w.l(_printf_char_file.o)
    0x08000648   0x00000064   Code   RO         3047    .text               c_w.l(rt_memcpy_w.o)
    0x080006ac   0x00000044   Code   RO         3049    .text               c_w.l(rt_memclr.o)
    0x080006f0   0x00000030   Code   RO         3075    .text               c_w.l(_printf_char_common.o)
    0x08000720   0x00000008   Code   RO         3077    .text               c_w.l(ferror.o)
    0x08000728   0x0000004e   Code   RO         3081    .text               c_w.l(rt_memclr_w.o)
    0x08000776   0x0000004a   Code   RO         3083    .text               c_w.l(sys_stackheap_outer.o)
    0x080007c0   0x0000000c   Code   RO         3087    .text               c_w.l(exit.o)
    0x080007cc   0x00000008   Code   RO         3095    .text               c_w.l(libspace.o)
    0x080007d4   0x0000017c   Code   RO          817    i.BD_TXSQ_SEND      bd_1.o
    0x08000950   0x000001e0   Code   RO          818    i.BD_read           bd_1.o
    0x08000b30   0x00000290   Code   RO          819    i.BD_retransmission  bd_1.o
    0x08000dc0   0x00000004   Code   RO          380    i.BusFault_Handler  stm32f10x_it.o
    0x08000dc4   0x000000d0   Code   RO         1458    i.DATA_PROCESS      server.o
    0x08000e94   0x00000002   Code   RO          381    i.DebugMon_Handler  stm32f10x_it.o
    0x08000e96   0x00000116   Code   RO         1657    i.GPIO_Init         stm32f10x_gpio.o
    0x08000fac   0x00000012   Code   RO         1663    i.GPIO_ReadOutputDataBit  stm32f10x_gpio.o
    0x08000fbe   0x00000004   Code   RO         1664    i.GPIO_ResetBits    stm32f10x_gpio.o
    0x08000fc2   0x00000004   Code   RO         1665    i.GPIO_SetBits      stm32f10x_gpio.o
    0x08000fc6   0x00000004   Code   RO          382    i.HardFault_Handler  stm32f10x_it.o
    0x08000fca   0x00000004   Code   RO          383    i.MemManage_Handler  stm32f10x_it.o
    0x08000fce   0x00000002   Code   RO          384    i.NMI_Handler       stm32f10x_it.o
    0x08000fd0   0x00000070   Code   RO         1537    i.NVIC_Init         misc.o
    0x08001040   0x00000014   Code   RO         1538    i.NVIC_PriorityGroupConfig  misc.o
    0x08001054   0x00000002   Code   RO          385    i.PendSV_Handler    stm32f10x_it.o
    0x08001056   0x00000002   PAD
    0x08001058   0x00000020   Code   RO         1779    i.RCC_APB1PeriphClockCmd  stm32f10x_rcc.o
    0x08001078   0x00000020   Code   RO         1780    i.RCC_APB1PeriphResetCmd  stm32f10x_rcc.o
    0x08001098   0x00000020   Code   RO         1781    i.RCC_APB2PeriphClockCmd  stm32f10x_rcc.o
    0x080010b8   0x00000020   Code   RO         1782    i.RCC_APB2PeriphResetCmd  stm32f10x_rcc.o
    0x080010d8   0x000000d4   Code   RO         1789    i.RCC_GetClocksFreq  stm32f10x_rcc.o
    0x080011ac   0x000000b0   Code   RO          347    i.SPI1_Init         spi.o
    0x0800125c   0x00000038   Code   RO          348    i.SPI1_ReadWrite    spi.o
    0x08001294   0x00000018   Code   RO         1994    i.SPI_Cmd           stm32f10x_spi.o
    0x080012ac   0x00000012   Code   RO         2002    i.SPI_I2S_GetFlagStatus  stm32f10x_spi.o
    0x080012be   0x00000006   Code   RO         2005    i.SPI_I2S_ReceiveData  stm32f10x_spi.o
    0x080012c4   0x00000004   Code   RO         2006    i.SPI_I2S_SendData  stm32f10x_spi.o
    0x080012c8   0x0000003c   Code   RO         2007    i.SPI_Init          stm32f10x_spi.o
    0x08001304   0x00000002   Code   RO          386    i.SVC_Handler       stm32f10x_it.o
    0x08001306   0x00000008   Code   RO         2904    i.SetSysClock       system_stm32f10x.o
    0x0800130e   0x00000002   PAD
    0x08001310   0x000000e0   Code   RO         2905    i.SetSysClockTo72   system_stm32f10x.o
    0x080013f0   0x00000010   Code   RO          387    i.SysTick_Handler   stm32f10x_it.o
    0x08001400   0x00000060   Code   RO         2907    i.SystemInit        system_stm32f10x.o
    0x08001460   0x00000030   Code   RO          388    i.TIM2_IRQHandler   stm32f10x_it.o
    0x08001490   0x00000030   Code   RO          576    i.TIM4_IRQHandler   uart5.o
    0x080014c0   0x00000058   Code   RO          577    i.TIM4_Init         uart5.o
    0x08001518   0x00000028   Code   RO          578    i.TIM4_Set          uart5.o
    0x08001540   0x00000018   Code   RO         2149    i.TIM_ARRPreloadConfig  stm32f10x_tim.o
    0x08001558   0x00000006   Code   RO         2155    i.TIM_ClearFlag     stm32f10x_tim.o
    0x0800155e   0x00000006   Code   RO         2156    i.TIM_ClearITPendingBit  stm32f10x_tim.o
    0x08001564   0x00000018   Code   RO         2161    i.TIM_Cmd           stm32f10x_tim.o
    0x0800157c   0x00000022   Code   RO         2182    i.TIM_GetITStatus   stm32f10x_tim.o
    0x0800159e   0x00000012   Code   RO         2186    i.TIM_ITConfig      stm32f10x_tim.o
    0x080015b0   0x00000004   Code   RO         2226    i.TIM_SetCounter    stm32f10x_tim.o
    0x080015b4   0x000000a4   Code   RO         2232    i.TIM_TimeBaseInit  stm32f10x_tim.o
    0x08001658   0x00000018   Code   RO         2235    i.TIM_UpdateRequestConfig  stm32f10x_tim.o
    0x08001670   0x0000009c   Code   RO          529    i.UART4_IRQHandler  uart.o
    0x0800170c   0x000000b8   Code   RO          579    i.UART5_IRQHandler  uart5.o
    0x080017c4   0x000000c8   Code   RO          580    i.UART5_Init        uart5.o
    0x0800188c   0x00000040   Code   RO          581    i.UART5_WRITE       uart5.o
    0x080018cc   0x000000c0   Code   RO            4    i.UART_DATA_PROCESS  main.o
    0x0800198c   0x000000dc   Code   RO          530    i.UART_INIT         uart.o
    0x08001a68   0x00000040   Code   RO          531    i.UART_WRITE        uart.o
    0x08001aa8   0x00000088   Code   RO          464    i.USART1_IRQHandler  usart.o
    0x08001b30   0x00000012   Code   RO         2705    i.USART_ClearFlag   stm32f10x_usart.o
    0x08001b42   0x0000001e   Code   RO         2706    i.USART_ClearITPendingBit  stm32f10x_usart.o
    0x08001b60   0x00000022   Code   RO         2707    i.USART_ClockInit   stm32f10x_usart.o
    0x08001b82   0x00000018   Code   RO         2709    i.USART_Cmd         stm32f10x_usart.o
    0x08001b9a   0x00000002   PAD
    0x08001b9c   0x0000009c   Code   RO         2711    i.USART_DeInit      stm32f10x_usart.o
    0x08001c38   0x00000054   Code   RO         2713    i.USART_GetITStatus  stm32f10x_usart.o
    0x08001c8c   0x0000004a   Code   RO         2715    i.USART_ITConfig    stm32f10x_usart.o
    0x08001cd6   0x00000002   PAD
    0x08001cd8   0x000000d8   Code   RO         2716    i.USART_Init        stm32f10x_usart.o
    0x08001db0   0x0000000a   Code   RO         2723    i.USART_ReceiveData  stm32f10x_usart.o
    0x08001dba   0x00000008   Code   RO         2726    i.USART_SendData    stm32f10x_usart.o
    0x08001dc2   0x00000004   Code   RO          389    i.UsageFault_Handler  stm32f10x_it.o
    0x08001dc6   0x0000000e   Code   RO         2992    i._is_digit         c_w.l(__printf_wp.o)
    0x08001dd4   0x00000006   Code   RO          465    i._sys_exit         usart.o
    0x08001dda   0x00000046   Code   RO         1088    i.chksum            uip.o
    0x08001e20   0x0000000c   Code   RO          184    i.clock_time        clock-arch.o
    0x08001e2c   0x00000078   Code   RO          778    i.delay_init        delay.o
    0x08001ea4   0x00000158   Code   RO          246    i.enc28j60Init      enc28j60.o
    0x08001ffc   0x000000c0   Code   RO          247    i.enc28j60PacketReceive  enc28j60.o
    0x080020bc   0x00000066   Code   RO          248    i.enc28j60PacketSend  enc28j60.o
    0x08002122   0x00000032   Code   RO          249    i.enc28j60PhyWrite  enc28j60.o
    0x08002154   0x00000014   Code   RO          250    i.enc28j60Read      enc28j60.o
    0x08002168   0x00000038   Code   RO          251    i.enc28j60ReadBuffer  enc28j60.o
    0x080021a0   0x00000044   Code   RO          252    i.enc28j60ReadOp    enc28j60.o
    0x080021e4   0x00000034   Code   RO          253    i.enc28j60SetBank   enc28j60.o
    0x08002218   0x00000018   Code   RO          254    i.enc28j60Write     enc28j60.o
    0x08002230   0x00000034   Code   RO          255    i.enc28j60WriteBuffer  enc28j60.o
    0x08002264   0x0000003c   Code   RO          256    i.enc28j60WriteOp   enc28j60.o
    0x080022a0   0x000002a4   Code   RO          822    i.file_deal         bd_1.o
    0x08002544   0x0000001c   Code   RO          467    i.fputc             usart.o
    0x08002560   0x0000000c   Code   RO         1089    i.htons             uip.o
    0x0800256c   0x0000055c   Code   RO            5    i.main              main.o
    0x08002ac8   0x0000000c   Code   RO          657    i.packet_init       packet.o
    0x08002ad4   0x00000030   Code   RO         1459    i.packet_send       server.o
    0x08002b04   0x00000108   Code   RO         1460    i.server_appcall    server.o
    0x08002c0c   0x0000000c   Code   RO         1461    i.server_init       server.o
    0x08002c18   0x00000050   Code   RO          203    i.tapdev_init       tapdev.o
    0x08002c68   0x00000014   Code   RO          204    i.tapdev_read       tapdev.o
    0x08002c7c   0x00000018   Code   RO          205    i.tapdev_send       tapdev.o
    0x08002c94   0x0000001a   Code   RO         1049    i.timer_expired     timer.o
    0x08002cae   0x0000000a   Code   RO         1050    i.timer_reset       timer.o
    0x08002cb8   0x00000010   Code   RO         1052    i.timer_set         timer.o
    0x08002cc8   0x00000120   Code   RO            6    i.uart5_DATA_PROCESS  main.o
    0x08002de8   0x00000070   Code   RO         1090    i.uip_add32         uip.o
    0x08002e58   0x00000044   Code   RO         1091    i.uip_add_rcv_nxt   uip.o
    0x08002e9c   0x000000e8   Code   RO         1210    i.uip_arp_arpin     uip_arp.o
    0x08002f84   0x000001a0   Code   RO         1212    i.uip_arp_out       uip_arp.o
    0x08003124   0x00000058   Code   RO         1213    i.uip_arp_timer     uip_arp.o
    0x0800317c   0x00000124   Code   RO         1214    i.uip_arp_update    uip_arp.o
    0x080032a0   0x00000070   Code   RO         1094    i.uip_init          uip.o
    0x08003310   0x00000024   Code   RO         1095    i.uip_ipchksum      uip.o
    0x08003334   0x00000040   Code   RO         1096    i.uip_listen        uip.o
    0x08003374   0x00000e78   Code   RO         1097    i.uip_process       uip.o
    0x080041ec   0x00000030   Code   RO         1098    i.uip_send          uip.o
    0x0800421c   0x0000000a   Code   RO         1100    i.uip_tcpchksum     uip.o
    0x08004226   0x00000002   PAD
    0x08004228   0x00000048   Code   RO         1103    i.upper_layer_chksum  uip.o
    0x08004270   0x000000b8   Code   RO          469    i.usart_init        usart.o
    0x08004328   0x00000150   Code   RO         3013    x$fpl$dadd          fz_ws.l(daddsub_clz.o)
    0x08004478   0x000002b0   Code   RO         3020    x$fpl$ddiv          fz_ws.l(ddiv.o)
    0x08004728   0x0000005a   Code   RO         3023    x$fpl$dfixu         fz_ws.l(dfixu.o)
    0x08004782   0x00000026   Code   RO         3027    x$fpl$dfltu         fz_ws.l(dflt_clz.o)
    0x080047a8   0x0000009c   Code   RO         3051    x$fpl$dnaninf       fz_ws.l(dnaninf.o)
    0x08004844   0x0000000c   Code   RO         3053    x$fpl$dretinf       fz_ws.l(dretinf.o)
    0x08004850   0x000001d4   Code   RO         3015    x$fpl$dsub          fz_ws.l(daddsub_clz.o)
    0x08004a24   0x00000000   Code   RO         3059    x$fpl$usenofp       fz_ws.l(usenofp.o)
    0x08004a24   0x00000008   Data   RO         1105    .constdata          uip.o
    0x08004a2c   0x0000000a   Data   RO         1216    .constdata          uip_arp.o
    0x08004a36   0x00000028   Data   RO         2965    .constdata          c_w.l(_printf_hex_int.o)
    0x08004a5e   0x00000011   Data   RO         2995    .constdata          c_w.l(__printf_flags_wp.o)
    0x08004a6f   0x00000001   PAD
    0x08004a70   0x00000020   Data   RO         3217    Region$$Table       anon$$obj.o


    Execution Region RW_IRAM1 (Base: 0x20000000, Size: 0x000036a0, Max: 0x0000c000, ABSOLUTE, COMPRESSED[0x00000084])

    Base Addr    Size         Type   Attr      Idx    E Section Name        Object

    0x20000000   0x0000003d   Data   RW            8    .data               main.o
    0x2000003d   0x00000003   PAD
    0x20000040   0x00000010   Data   RW          206    .data               tapdev.o
    0x20000050   0x00000008   Data   RW          259    .data               enc28j60.o
    0x20000058   0x00000004   Data   RW          390    .data               stm32f10x_it.o
    0x2000005c   0x00000006   Data   RW          471    .data               usart.o
    0x20000062   0x00000002   PAD
    0x20000064   0x0000000c   Data   RW          533    .data               uart.o
    0x20000070   0x0000000a   Data   RW          585    .data               uart5.o
    0x2000007a   0x00000001   Data   RW          660    .data               packet.o
    0x2000007b   0x00000001   PAD
    0x2000007c   0x00000051   Data   RW          824    .data               bd_1.o
    0x200000cd   0x00000003   PAD
    0x200000d0   0x00000038   Data   RW         1106    .data               uip.o
    0x20000108   0x00000008   Data   RW         1217    .data               uip_arp.o
    0x20000110   0x00000034   Data   RW         1463    .data               server.o
    0x20000144   0x00000014   Data   RW         1809    .data               stm32f10x_rcc.o
    0x20000158   0x00000014   Data   RW         2908    .data               system_stm32f10x.o
    0x2000016c   0x00000064   Zero   RW            7    .bss                main.o
    0x200001d0   0x00000800   Zero   RW          470    .bss                usart.o
    0x200009d0   0x00000080   Zero   RW          532    .bss                uart.o
    0x20000a50   0x00000800   Zero   RW          584    .bss                uart5.o
    0x20001250   0x00000414   Zero   RW          823    .bss                bd_1.o
    0x20001664   0x0000187c   Zero   RW         1104    .bss                uip.o
    0x20002ee0   0x00000060   Zero   RW         1215    .bss                uip_arp.o
    0x20002f40   0x00000100   Zero   RW         1462    .bss                server.o
    0x20003040   0x00000060   Zero   RW         3096    .bss                c_w.l(libspace.o)
    0x200030a0   0x00000200   Zero   RW         2895    HEAP                startup_stm32f10x_hd.o
    0x200032a0   0x00000400   Zero   RW         2894    STACK               startup_stm32f10x_hd.o


==============================================================================

Image component sizes


      Code (inc. data)   RO Data    RW Data    ZI Data      Debug   Object Name

      2192        792          0         81       1044       5649   bd_1.o
        12          6          0          0          0        753   clock-arch.o
       120         14          0          0          0        465   delay.o
      1020         36          0          8          0       6350   enc28j60.o
      1852        870          0         61        100     288708   main.o
       132         22          0          0          0       1691   misc.o
        12          4          0          1          0       1235   packet.o
         0          0          0          0          0       6430   psock.o
       532        208          0         52        256       3515   server.o
       232         16          0          0          0       9449   spi.o
        64         26        304          0       1536        800   startup_stm32f10x_hd.o
       304          0          0          0          0       3849   stm32f10x_gpio.o
        88          8          0          4          0       4492   stm32f10x_it.o
       340         44          0         20          0       5816   stm32f10x_rcc.o
       112          0          0          0          0       4062   stm32f10x_spi.o
       304         42          0          0          0       6136   stm32f10x_tim.o
       654         28          0          0          0       8316   stm32f10x_usart.o
       328         28          0         20          0       2129   system_stm32f10x.o
       124         26          0         16          0       1811   tapdev.o
        52          0          0          0          0       1878   timer.o
       440         40          0         12        128       2313   uart.o
       624         74          0         10       2048       3943   uart5.o
      4308        262          8         56       6268      15576   uip.o
      1028         98         10          8         96       4208   uip_arp.o
       354         24          0          6       2048       3829   usart.o

    ----------------------------------------------------------------------
     15238       2668        354        364      13524     393403   Object Totals
         0          0         32          0          0          0   (incl. Generated)
        10          0          0          9          0          0   (incl. Padding)

    ----------------------------------------------------------------------

      Code (inc. data)   RO Data    RW Data    ZI Data      Debug   Library Member Name

        90          0          0          0          0          0   __dczerorl2.o
         8          0          0          0          0         68   __main.o
       312          4         17          0          0         92   __printf_flags_wp.o
        14          0          0          0          0         68   __printf_wp.o
         0          0          0          0          0          0   __rtentry.o
        12          0          0          0          0          0   __rtentry2.o
         6          0          0          0          0          0   __rtentry4.o
        52          8          0          0          0          0   __scatter.o
        28          0          0          0          0          0   __scatter_zi.o
        48          6          0          0          0         96   _printf_char_common.o
        36          4          0          0          0         80   _printf_char_file.o
         6          0          0          0          0          0   _printf_d.o
       120         16          0          0          0         92   _printf_dec.o
        88          4         40          0          0         88   _printf_hex_int.o
       178          0          0          0          0         88   _printf_intcommon.o
        78          0          0          0          0        108   _printf_pad.o
         0          0          0          0          0          0   _printf_percent.o
         4          0          0          0          0          0   _printf_percent_end.o
         6          0          0          0          0          0   _printf_x.o
        16          0          0          0          0         68   aeabi_memset.o
        12          0          0          0          0         72   exit.o
         8          0          0          0          0         68   ferror.o
         6          0          0          0          0        152   heapauxi.o
         2          0          0          0          0          0   libinit.o
         2          0          0          0          0          0   libinit2.o
         2          0          0          0          0          0   libshutdown.o
         2          0          0          0          0          0   libshutdown2.o
         8          4          0          0         96         68   libspace.o
        24          4          0          0          0         84   noretval__2printf.o
        68          0          0          0          0         68   rt_memclr.o
        78          0          0          0          0         80   rt_memclr_w.o
       138          0          0          0          0         68   rt_memcpy_v6.o
       100          0          0          0          0         80   rt_memcpy_w.o
         2          0          0          0          0          0   rtexit.o
        10          0          0          0          0          0   rtexit2.o
        74          0          0          0          0         80   sys_stackheap_outer.o
         2          0          0          0          0         68   use_no_semi.o
         2          0          0          0          0         68   use_no_semi_2.o
       804         16          0          0          0        272   daddsub_clz.o
       688        140          0          0          0        208   ddiv.o
        90          4          0          0          0         92   dfixu.o
        38          0          0          0          0         68   dflt_clz.o
       156          4          0          0          0         92   dnaninf.o
        12          0          0          0          0         68   dretinf.o
         0          0          0          0          0          0   usenofp.o

    ----------------------------------------------------------------------
      3438        214         58          0         96       2604   Library Totals
         8          0          1          0          0          0   (incl. Padding)

    ----------------------------------------------------------------------

      Code (inc. data)   RO Data    RW Data    ZI Data      Debug   Library Name

      1642         50         57          0         96       1804   c_w.l
      1788        164          0          0          0        800   fz_ws.l

    ----------------------------------------------------------------------
      3438        214         58          0         96       2604   Library Totals

    ----------------------------------------------------------------------

==============================================================================


      Code (inc. data)   RO Data    RW Data    ZI Data      Debug   

     18676       2882        412        364      13620     389295   Grand Totals
     18676       2882        412        132      13620     389295   ELF Image Totals (compressed)
     18676       2882        412        132          0          0   ROM Totals

==============================================================================

    Total RO  Size (Code + RO Data)                19088 (  18.64kB)
    Total RW  Size (RW Data + ZI Data)             13984 (  13.66kB)
    Total ROM Size (Code + RO Data + RW Data)      19220 (  18.77kB)

==============================================================================

